------------------------------------
Tue 29 Sep 2026 17:55:19 IDT
SLURM_JOBID:		21732611
SLURM_JOB_NODELIST:	ise-3090-04
SLURM_SCRATCH_DIR:	
Allocated Resouces:	cpu - 2 / mem - 8192 MB / gpu - 1
SLURM_GPU_INDEX:	0
Running as guykalat from yshahar account with normal QOS
------------------------------------
candidate sandbox preflight passed
{"step": 50, "train_loss_nats": 7.114832878112793, "training_seconds": 1.0}
{"step": 100, "train_loss_nats": 3.61041522026062, "training_seconds": 1.6}
{"step": 150, "train_loss_nats": 2.973098039627075, "training_seconds": 2.2}
{"step": 200, "train_loss_nats": 2.6833908557891846, "training_seconds": 2.8}
{"step": 250, "train_loss_nats": 2.590747356414795, "training_seconds": 3.4}
{"step": 300, "train_loss_nats": 2.496016263961792, "training_seconds": 4.0}
{"step": 350, "train_loss_nats": 2.467198371887207, "training_seconds": 4.6}
{"step": 400, "train_loss_nats": 2.4284212589263916, "training_seconds": 5.2}
{"step": 450, "train_loss_nats": 2.4415035247802734, "training_seconds": 5.8}
{"step": 500, "train_loss_nats": 2.4466755390167236, "training_seconds": 6.4}
{"step": 550, "train_loss_nats": 2.3941309452056885, "training_seconds": 7.0}
{"step": 600, "train_loss_nats": 2.4188473224639893, "training_seconds": 7.6}
{"step": 650, "train_loss_nats": 2.3709657192230225, "training_seconds": 8.1}
{"step": 700, "train_loss_nats": 2.373744487762451, "training_seconds": 8.7}
{"step": 750, "train_loss_nats": 2.372732162475586, "training_seconds": 9.3}
{"step": 800, "train_loss_nats": 2.316213369369507, "training_seconds": 9.9}
{"step": 850, "train_loss_nats": 2.3903050422668457, "training_seconds": 10.5}
{"step": 900, "train_loss_nats": 2.3642172813415527, "training_seconds": 11.1}
{"step": 950, "train_loss_nats": 2.3347465991973877, "training_seconds": 11.7}
{"step": 1000, "train_loss_nats": 2.3686602115631104, "training_seconds": 12.3}
{"step": 1050, "train_loss_nats": 2.3564977645874023, "training_seconds": 12.9}
{"step": 1100, "train_loss_nats": 2.349032163619995, "training_seconds": 13.5}
{"step": 1150, "train_loss_nats": 2.3002216815948486, "training_seconds": 14.1}
{"step": 1200, "train_loss_nats": 2.3529279232025146, "training_seconds": 14.7}
{"step": 1250, "train_loss_nats": 2.346992254257202, "training_seconds": 15.3}
{"step": 1300, "train_loss_nats": 2.3315908908843994, "training_seconds": 15.9}
{"step": 1350, "train_loss_nats": 2.324796438217163, "training_seconds": 16.5}
{"step": 1400, "train_loss_nats": 2.3311667442321777, "training_seconds": 17.1}
{"step": 1450, "train_loss_nats": 2.3119797706604004, "training_seconds": 17.7}
{"step": 1500, "train_loss_nats": 2.3002302646636963, "training_seconds": 18.3}
{"step": 1550, "train_loss_nats": 2.3087780475616455, "training_seconds": 18.8}
{"step": 1600, "train_loss_nats": 2.34199857711792, "training_seconds": 19.4}
{"step": 1650, "train_loss_nats": 2.292255401611328, "training_seconds": 20.0}
{"step": 1700, "train_loss_nats": 2.314753770828247, "training_seconds": 20.6}
{"step": 1750, "train_loss_nats": 2.2794716358184814, "training_seconds": 21.2}
{"step": 1800, "train_loss_nats": 2.2473113536834717, "training_seconds": 21.8}
{"step": 1850, "train_loss_nats": 2.2333576679229736, "training_seconds": 22.4}
{"step": 1900, "train_loss_nats": 2.242896318435669, "training_seconds": 23.0}
{"step": 1950, "train_loss_nats": 2.2228336334228516, "training_seconds": 23.6}
{"step": 2000, "train_loss_nats": 2.2094228267669678, "training_seconds": 24.2}
{"step": 2050, "train_loss_nats": 2.127146005630493, "training_seconds": 24.8}
{"step": 2100, "train_loss_nats": 2.178508996963501, "training_seconds": 25.4}
{"step": 2150, "train_loss_nats": 2.1166019439697266, "training_seconds": 26.0}
{"step": 2200, "train_loss_nats": 2.08925724029541, "training_seconds": 26.6}
{"step": 2250, "train_loss_nats": 2.023125648498535, "training_seconds": 27.2}
{"step": 2300, "train_loss_nats": 2.021921157836914, "training_seconds": 27.7}
{"step": 2350, "train_loss_nats": 2.003680944442749, "training_seconds": 28.3}
{"step": 2400, "train_loss_nats": 1.9897291660308838, "training_seconds": 28.9}
{"step": 2450, "train_loss_nats": 1.9533140659332275, "training_seconds": 29.5}
{"step": 2500, "train_loss_nats": 1.9215466976165771, "training_seconds": 30.1}
{"step": 2550, "train_loss_nats": 1.9248039722442627, "training_seconds": 30.7}
{"step": 2600, "train_loss_nats": 1.921694040298462, "training_seconds": 31.3}
{"step": 2650, "train_loss_nats": 1.8890297412872314, "training_seconds": 31.9}
{"step": 2700, "train_loss_nats": 1.8526958227157593, "training_seconds": 32.5}
{"step": 2750, "train_loss_nats": 1.853951096534729, "training_seconds": 33.1}
{"step": 2800, "train_loss_nats": 1.8122466802597046, "training_seconds": 33.7}
{"step": 2850, "train_loss_nats": 1.8272457122802734, "training_seconds": 34.3}
{"step": 2900, "train_loss_nats": 1.807875156402588, "training_seconds": 34.9}
{"step": 2950, "train_loss_nats": 1.792419672012329, "training_seconds": 35.5}
{"step": 3000, "train_loss_nats": 1.794152855873108, "training_seconds": 36.1}
{"step": 3050, "train_loss_nats": 1.8104432821273804, "training_seconds": 36.6}
{"step": 3100, "train_loss_nats": 1.7947529554367065, "training_seconds": 37.2}
{"step": 3150, "train_loss_nats": 1.8292604684829712, "training_seconds": 37.8}
{"step": 3200, "train_loss_nats": 1.7621876001358032, "training_seconds": 38.4}
{"step": 3250, "train_loss_nats": 1.7649507522583008, "training_seconds": 39.0}
{"step": 3300, "train_loss_nats": 1.738513469696045, "training_seconds": 39.6}
{"step": 3350, "train_loss_nats": 1.7335010766983032, "training_seconds": 40.2}
{"step": 3400, "train_loss_nats": 1.7487238645553589, "training_seconds": 40.8}
{"step": 3450, "train_loss_nats": 1.682769775390625, "training_seconds": 41.4}
{"step": 3500, "train_loss_nats": 1.6977424621582031, "training_seconds": 42.0}
{"step": 3550, "train_loss_nats": 1.6965538263320923, "training_seconds": 42.6}
{"step": 3600, "train_loss_nats": 1.7302109003067017, "training_seconds": 43.2}
{"step": 3650, "train_loss_nats": 1.626729965209961, "training_seconds": 43.8}
{"step": 3700, "train_loss_nats": 1.6210875511169434, "training_seconds": 44.4}
{"step": 3750, "train_loss_nats": 1.6296130418777466, "training_seconds": 45.0}
{"step": 3800, "train_loss_nats": 1.6642029285430908, "training_seconds": 45.6}
{"step": 3850, "train_loss_nats": 1.653161883354187, "training_seconds": 46.1}
{"step": 3900, "train_loss_nats": 1.6356756687164307, "training_seconds": 46.7}
{"step": 3950, "train_loss_nats": 1.6169748306274414, "training_seconds": 47.3}
{"step": 4000, "train_loss_nats": 1.5823469161987305, "training_seconds": 47.9}
{"step": 4050, "train_loss_nats": 1.5712376832962036, "training_seconds": 48.5}
{"step": 4100, "train_loss_nats": 1.5373073816299438, "training_seconds": 49.1}
{"step": 4150, "train_loss_nats": 1.5803269147872925, "training_seconds": 49.7}
{"step": 4200, "train_loss_nats": 1.5831397771835327, "training_seconds": 50.3}
{"step": 4250, "train_loss_nats": 1.545920968055725, "training_seconds": 50.9}
{"step": 4300, "train_loss_nats": 1.4831889867782593, "training_seconds": 51.5}
{"step": 4350, "train_loss_nats": 1.524171233177185, "training_seconds": 52.1}
{"step": 4400, "train_loss_nats": 1.476464033126831, "training_seconds": 52.7}
{"step": 4450, "train_loss_nats": 1.5307536125183105, "training_seconds": 53.3}
{"step": 4500, "train_loss_nats": 1.4582722187042236, "training_seconds": 53.9}
{"step": 4550, "train_loss_nats": 1.5113496780395508, "training_seconds": 54.5}
{"step": 4600, "train_loss_nats": 1.4866515398025513, "training_seconds": 55.1}
{"step": 4650, "train_loss_nats": 1.4806956052780151, "training_seconds": 55.7}
{"step": 4700, "train_loss_nats": 1.478774905204773, "training_seconds": 56.3}
{"step": 4750, "train_loss_nats": 1.478552222251892, "training_seconds": 56.9}
{"step": 4800, "train_loss_nats": 1.4668318033218384, "training_seconds": 57.5}
{"step": 4850, "train_loss_nats": 1.4541329145431519, "training_seconds": 58.1}
{"step": 4900, "train_loss_nats": 1.4207491874694824, "training_seconds": 58.7}
{"step": 4950, "train_loss_nats": 1.4869767427444458, "training_seconds": 59.2}
{"step": 5000, "train_loss_nats": 1.4415638446807861, "training_seconds": 59.8}
{"step": 5050, "train_loss_nats": 1.4043887853622437, "training_seconds": 60.4}
{"step": 5100, "train_loss_nats": 1.377711296081543, "training_seconds": 61.0}
{"step": 5150, "train_loss_nats": 1.4033750295639038, "training_seconds": 61.6}
{"step": 5200, "train_loss_nats": 1.4121006727218628, "training_seconds": 62.2}
{"step": 5250, "train_loss_nats": 1.4310290813446045, "training_seconds": 62.8}
{"step": 5300, "train_loss_nats": 1.4306875467300415, "training_seconds": 63.4}
{"step": 5350, "train_loss_nats": 1.4146344661712646, "training_seconds": 64.0}
{"step": 5400, "train_loss_nats": 1.3929775953292847, "training_seconds": 64.6}
{"step": 5450, "train_loss_nats": 1.3800491094589233, "training_seconds": 65.2}
{"step": 5500, "train_loss_nats": 1.3668915033340454, "training_seconds": 65.8}
{"step": 5550, "train_loss_nats": 1.3731584548950195, "training_seconds": 66.4}
{"step": 5600, "train_loss_nats": 1.4354339838027954, "training_seconds": 67.0}
{"step": 5650, "train_loss_nats": 1.3458600044250488, "training_seconds": 67.6}
{"step": 5700, "train_loss_nats": 1.3132281303405762, "training_seconds": 68.2}
{"step": 5750, "train_loss_nats": 1.2747039794921875, "training_seconds": 68.8}
{"step": 5800, "train_loss_nats": 1.3756065368652344, "training_seconds": 69.4}
{"step": 5850, "train_loss_nats": 1.3134270906448364, "training_seconds": 70.0}
{"step": 5900, "train_loss_nats": 1.3658186197280884, "training_seconds": 70.6}
{"step": 5950, "train_loss_nats": 1.352043867111206, "training_seconds": 71.2}
{"step": 6000, "train_loss_nats": 1.3733409643173218, "training_seconds": 71.8}
{"step": 6050, "train_loss_nats": 1.2968729734420776, "training_seconds": 72.4}
{"step": 6100, "train_loss_nats": 1.267577886581421, "training_seconds": 73.0}
{"step": 6150, "train_loss_nats": 1.3202544450759888, "training_seconds": 73.6}
{"step": 6200, "train_loss_nats": 1.281883716583252, "training_seconds": 74.2}
{"step": 6250, "train_loss_nats": 1.326431393623352, "training_seconds": 74.8}
{"step": 6300, "train_loss_nats": 1.3071449995040894, "training_seconds": 75.4}
{"step": 6350, "train_loss_nats": 1.3353484869003296, "training_seconds": 76.0}
{"step": 6400, "train_loss_nats": 1.2707873582839966, "training_seconds": 76.6}
{"step": 6450, "train_loss_nats": 1.3181135654449463, "training_seconds": 77.2}
{"step": 6500, "train_loss_nats": 1.2388235330581665, "training_seconds": 77.8}
{"step": 6550, "train_loss_nats": 1.389554738998413, "training_seconds": 78.3}
{"step": 6600, "train_loss_nats": 1.3047655820846558, "training_seconds": 78.9}
{"step": 6650, "train_loss_nats": 1.2914366722106934, "training_seconds": 79.5}
{"step": 6700, "train_loss_nats": 1.2486014366149902, "training_seconds": 80.1}
{"step": 6750, "train_loss_nats": 1.270009160041809, "training_seconds": 80.7}
{"step": 6800, "train_loss_nats": 1.211246371269226, "training_seconds": 81.3}
{"step": 6850, "train_loss_nats": 1.3020445108413696, "training_seconds": 81.9}
{"step": 6900, "train_loss_nats": 1.2499703168869019, "training_seconds": 82.5}
{"step": 6950, "train_loss_nats": 1.2404441833496094, "training_seconds": 83.1}
{"step": 7000, "train_loss_nats": 1.2756894826889038, "training_seconds": 83.7}
{"step": 7050, "train_loss_nats": 1.270453929901123, "training_seconds": 84.3}
{"step": 7100, "train_loss_nats": 1.22655189037323, "training_seconds": 84.9}
{"step": 7150, "train_loss_nats": 1.3051612377166748, "training_seconds": 85.5}
{"step": 7200, "train_loss_nats": 1.222260594367981, "training_seconds": 86.1}
{"step": 7250, "train_loss_nats": 1.2491304874420166, "training_seconds": 86.7}
{"step": 7300, "train_loss_nats": 1.1838233470916748, "training_seconds": 87.3}
{"step": 7350, "train_loss_nats": 1.2516030073165894, "training_seconds": 87.8}
{"step": 7400, "train_loss_nats": 1.1894822120666504, "training_seconds": 88.4}
{"step": 7450, "train_loss_nats": 1.2631957530975342, "training_seconds": 89.0}
{"step": 7500, "train_loss_nats": 1.2024292945861816, "training_seconds": 89.6}
{"step": 7550, "train_loss_nats": 1.1606999635696411, "training_seconds": 90.2}
{"step": 7600, "train_loss_nats": 1.2191261053085327, "training_seconds": 90.8}
{"step": 7650, "train_loss_nats": 1.2230286598205566, "training_seconds": 91.4}
{"step": 7700, "train_loss_nats": 1.2324342727661133, "training_seconds": 92.0}
{"step": 7750, "train_loss_nats": 1.2299190759658813, "training_seconds": 92.6}
{"step": 7800, "train_loss_nats": 1.1854312419891357, "training_seconds": 93.2}
{"step": 7850, "train_loss_nats": 1.2495561838150024, "training_seconds": 93.8}
{"step": 7900, "train_loss_nats": 1.15234375, "training_seconds": 94.4}
{"step": 7950, "train_loss_nats": 1.1658895015716553, "training_seconds": 95.0}
{"step": 8000, "train_loss_nats": 1.2079107761383057, "training_seconds": 95.6}
{"step": 8050, "train_loss_nats": 1.182041049003601, "training_seconds": 96.2}
{"step": 8100, "train_loss_nats": 1.2293739318847656, "training_seconds": 96.8}
{"step": 8150, "train_loss_nats": 1.1067981719970703, "training_seconds": 97.4}
{"step": 8200, "train_loss_nats": 1.1587064266204834, "training_seconds": 97.9}
{"step": 8250, "train_loss_nats": 1.1717498302459717, "training_seconds": 98.5}
{"step": 8300, "train_loss_nats": 1.1687008142471313, "training_seconds": 99.1}
{"step": 8350, "train_loss_nats": 1.1219021081924438, "training_seconds": 99.7}
{"step": 8400, "train_loss_nats": 1.2132025957107544, "training_seconds": 100.3}
{"step": 8450, "train_loss_nats": 1.1892465353012085, "training_seconds": 100.9}
{"step": 8500, "train_loss_nats": 1.1390379667282104, "training_seconds": 101.5}
{"step": 8550, "train_loss_nats": 1.1654675006866455, "training_seconds": 102.1}
{"step": 8600, "train_loss_nats": 1.141189455986023, "training_seconds": 102.7}
{"step": 8650, "train_loss_nats": 1.1633038520812988, "training_seconds": 103.3}
{"step": 8700, "train_loss_nats": 1.1426541805267334, "training_seconds": 103.9}
{"step": 8750, "train_loss_nats": 1.14198637008667, "training_seconds": 104.5}
{"step": 8800, "train_loss_nats": 1.167151927947998, "training_seconds": 105.1}
{"step": 8850, "train_loss_nats": 1.195684552192688, "training_seconds": 105.7}
{"step": 8900, "train_loss_nats": 1.1414999961853027, "training_seconds": 106.3}
{"step": 8950, "train_loss_nats": 1.1459136009216309, "training_seconds": 106.9}
{"step": 9000, "train_loss_nats": 1.1872307062149048, "training_seconds": 107.5}
{"step": 9050, "train_loss_nats": 1.1150271892547607, "training_seconds": 108.0}
{"step": 9100, "train_loss_nats": 1.097760796546936, "training_seconds": 108.6}
{"step": 9150, "train_loss_nats": 1.0822619199752808, "training_seconds": 109.2}
{"step": 9200, "train_loss_nats": 1.0949302911758423, "training_seconds": 109.8}
{"step": 9250, "train_loss_nats": 1.1517287492752075, "training_seconds": 110.4}
{"step": 9300, "train_loss_nats": 1.1912297010421753, "training_seconds": 111.0}
{"step": 9350, "train_loss_nats": 1.125961184501648, "training_seconds": 111.6}
{"step": 9400, "train_loss_nats": 1.1324598789215088, "training_seconds": 112.2}
{"step": 9450, "train_loss_nats": 1.1408538818359375, "training_seconds": 112.8}
{"step": 9500, "train_loss_nats": 1.1375066041946411, "training_seconds": 113.4}
{"step": 9550, "train_loss_nats": 1.080430507659912, "training_seconds": 114.0}
{"step": 9600, "train_loss_nats": 1.1258784532546997, "training_seconds": 114.6}
{"step": 9650, "train_loss_nats": 1.0734974145889282, "training_seconds": 115.2}
{"step": 9700, "train_loss_nats": 1.0783066749572754, "training_seconds": 115.8}
{"step": 9750, "train_loss_nats": 1.1339951753616333, "training_seconds": 116.4}
{"step": 9800, "train_loss_nats": 1.0375069379806519, "training_seconds": 117.0}
{"step": 9850, "train_loss_nats": 1.0868773460388184, "training_seconds": 117.6}
{"step": 9900, "train_loss_nats": 1.0485860109329224, "training_seconds": 118.2}
{"step": 9950, "train_loss_nats": 1.057798147201538, "training_seconds": 118.8}
{"step": 10000, "train_loss_nats": 1.0911058187484741, "training_seconds": 119.3}
{"step": 10050, "train_loss_nats": 1.0517404079437256, "training_seconds": 119.9}
{"step": 10100, "train_loss_nats": 1.0729072093963623, "training_seconds": 120.5}
{"step": 10150, "train_loss_nats": 1.0693883895874023, "training_seconds": 121.1}
{"step": 10200, "train_loss_nats": 1.0782618522644043, "training_seconds": 121.7}
{"step": 10250, "train_loss_nats": 1.094527244567871, "training_seconds": 122.3}
{"step": 10300, "train_loss_nats": 1.0680325031280518, "training_seconds": 122.9}
{"step": 10350, "train_loss_nats": 1.0858073234558105, "training_seconds": 123.5}
{"step": 10400, "train_loss_nats": 1.1168797016143799, "training_seconds": 124.1}
{"step": 10450, "train_loss_nats": 1.0774005651474, "training_seconds": 124.7}
{"step": 10500, "train_loss_nats": 1.0771011114120483, "training_seconds": 125.3}
{"step": 10550, "train_loss_nats": 1.1327530145645142, "training_seconds": 125.9}
{"step": 10600, "train_loss_nats": 1.1190497875213623, "training_seconds": 126.5}
{"step": 10650, "train_loss_nats": 1.03228759765625, "training_seconds": 127.1}
{"step": 10700, "train_loss_nats": 1.0802379846572876, "training_seconds": 127.7}
{"step": 10750, "train_loss_nats": 1.1331733465194702, "training_seconds": 128.3}
{"step": 10800, "train_loss_nats": 1.0919599533081055, "training_seconds": 128.9}
{"step": 10850, "train_loss_nats": 1.0385656356811523, "training_seconds": 129.5}
{"step": 10900, "train_loss_nats": 1.03066086769104, "training_seconds": 130.1}
{"step": 10950, "train_loss_nats": 1.021541953086853, "training_seconds": 130.7}
{"step": 11000, "train_loss_nats": 1.1090859174728394, "training_seconds": 131.2}
{"step": 11050, "train_loss_nats": 1.0478546619415283, "training_seconds": 131.8}
{"step": 11100, "train_loss_nats": 1.0785995721817017, "training_seconds": 132.4}
{"step": 11150, "train_loss_nats": 1.057900071144104, "training_seconds": 133.0}
{"step": 11200, "train_loss_nats": 1.0823218822479248, "training_seconds": 133.6}
{"step": 11250, "train_loss_nats": 1.0655215978622437, "training_seconds": 134.2}
{"step": 11300, "train_loss_nats": 1.082375168800354, "training_seconds": 134.8}
{"step": 11350, "train_loss_nats": 0.9902268648147583, "training_seconds": 135.4}
{"step": 11400, "train_loss_nats": 1.0671182870864868, "training_seconds": 136.0}
{"step": 11450, "train_loss_nats": 1.042527675628662, "training_seconds": 136.6}
{"step": 11500, "train_loss_nats": 1.0641378164291382, "training_seconds": 137.2}
{"step": 11550, "train_loss_nats": 1.0363380908966064, "training_seconds": 137.8}
{"step": 11600, "train_loss_nats": 1.071844220161438, "training_seconds": 138.4}
{"step": 11650, "train_loss_nats": 1.0329421758651733, "training_seconds": 139.0}
{"step": 11700, "train_loss_nats": 1.045624852180481, "training_seconds": 139.6}
{"step": 11750, "train_loss_nats": 1.126456618309021, "training_seconds": 140.2}
{"step": 11800, "train_loss_nats": 1.0905489921569824, "training_seconds": 140.8}
{"step": 11850, "train_loss_nats": 1.0486687421798706, "training_seconds": 141.4}
{"step": 11900, "train_loss_nats": 1.0578280687332153, "training_seconds": 142.0}
{"step": 11950, "train_loss_nats": 1.1058084964752197, "training_seconds": 142.6}
{"step": 12000, "train_loss_nats": 1.0552434921264648, "training_seconds": 143.1}
{"step": 12050, "train_loss_nats": 1.079756259918213, "training_seconds": 143.7}
{"step": 12100, "train_loss_nats": 1.015413522720337, "training_seconds": 144.3}
{"step": 12150, "train_loss_nats": 1.018035888671875, "training_seconds": 144.9}
{"step": 12200, "train_loss_nats": 1.048644781112671, "training_seconds": 145.5}
{"step": 12250, "train_loss_nats": 1.0796985626220703, "training_seconds": 146.1}
{"step": 12300, "train_loss_nats": 1.0224286317825317, "training_seconds": 146.7}
{"step": 12350, "train_loss_nats": 1.011124610900879, "training_seconds": 147.3}
{"step": 12400, "train_loss_nats": 1.0434987545013428, "training_seconds": 147.9}
{"step": 12450, "train_loss_nats": 1.0889832973480225, "training_seconds": 148.5}
{"step": 12500, "train_loss_nats": 1.0145561695098877, "training_seconds": 149.1}
{"step": 12550, "train_loss_nats": 0.994929313659668, "training_seconds": 149.7}
{"step": 12600, "train_loss_nats": 1.0316089391708374, "training_seconds": 150.3}
{"step": 12650, "train_loss_nats": 1.0697373151779175, "training_seconds": 150.9}
{"step": 12700, "train_loss_nats": 1.029083013534546, "training_seconds": 151.5}
{"step": 12750, "train_loss_nats": 1.0032824277877808, "training_seconds": 152.1}
{"step": 12800, "train_loss_nats": 0.9694535732269287, "training_seconds": 152.7}
{"step": 12850, "train_loss_nats": 1.0497490167617798, "training_seconds": 153.3}
{"step": 12900, "train_loss_nats": 1.054425597190857, "training_seconds": 153.8}
{"step": 12950, "train_loss_nats": 1.015151023864746, "training_seconds": 154.4}
{"step": 13000, "train_loss_nats": 1.0778337717056274, "training_seconds": 155.0}
{"step": 13050, "train_loss_nats": 0.9990274906158447, "training_seconds": 155.6}
{"step": 13100, "train_loss_nats": 0.988081157207489, "training_seconds": 156.2}
{"step": 13150, "train_loss_nats": 0.9856535792350769, "training_seconds": 156.8}
{"step": 13200, "train_loss_nats": 1.0882800817489624, "training_seconds": 157.4}
{"step": 13250, "train_loss_nats": 1.01401686668396, "training_seconds": 158.0}
{"step": 13300, "train_loss_nats": 1.0853787660598755, "training_seconds": 158.6}
{"step": 13350, "train_loss_nats": 1.0242363214492798, "training_seconds": 159.2}
{"step": 13400, "train_loss_nats": 1.0674787759780884, "training_seconds": 159.8}
{"step": 13450, "train_loss_nats": 1.04249906539917, "training_seconds": 160.4}
{"step": 13500, "train_loss_nats": 1.0795860290527344, "training_seconds": 161.0}
{"step": 13550, "train_loss_nats": 0.9356745481491089, "training_seconds": 161.6}
{"step": 13600, "train_loss_nats": 0.9787852168083191, "training_seconds": 162.2}
{"step": 13650, "train_loss_nats": 1.03431236743927, "training_seconds": 162.8}
{"step": 13700, "train_loss_nats": 1.0023586750030518, "training_seconds": 163.4}
{"step": 13750, "train_loss_nats": 0.9766428470611572, "training_seconds": 163.9}
{"step": 13800, "train_loss_nats": 1.01023530960083, "training_seconds": 164.5}
{"step": 13850, "train_loss_nats": 1.0334779024124146, "training_seconds": 165.1}
{"step": 13900, "train_loss_nats": 1.0244250297546387, "training_seconds": 165.7}
{"step": 13950, "train_loss_nats": 1.0419949293136597, "training_seconds": 166.3}
{"step": 14000, "train_loss_nats": 0.9463800191879272, "training_seconds": 166.9}
{"step": 14050, "train_loss_nats": 0.9917142987251282, "training_seconds": 167.5}
{"step": 14100, "train_loss_nats": 1.0072076320648193, "training_seconds": 168.1}
{"step": 14150, "train_loss_nats": 0.9865318536758423, "training_seconds": 168.7}
{"step": 14200, "train_loss_nats": 1.029679536819458, "training_seconds": 169.3}
{"step": 14250, "train_loss_nats": 1.0324122905731201, "training_seconds": 169.9}
{"step": 14300, "train_loss_nats": 1.0352301597595215, "training_seconds": 170.5}
{"step": 14350, "train_loss_nats": 1.013898253440857, "training_seconds": 171.1}
{"step": 14400, "train_loss_nats": 1.0127893686294556, "training_seconds": 171.7}
{"step": 14450, "train_loss_nats": 0.9680266380310059, "training_seconds": 172.3}
{"step": 14500, "train_loss_nats": 1.002344012260437, "training_seconds": 172.9}
{"step": 14550, "train_loss_nats": 1.0029665231704712, "training_seconds": 173.5}
{"step": 14600, "train_loss_nats": 0.9384718537330627, "training_seconds": 174.1}
{"step": 14650, "train_loss_nats": 1.0090913772583008, "training_seconds": 174.7}
{"step": 14700, "train_loss_nats": 0.9728257656097412, "training_seconds": 175.3}
{"step": 14750, "train_loss_nats": 0.9942405819892883, "training_seconds": 175.9}
{"step": 14800, "train_loss_nats": 0.963919460773468, "training_seconds": 176.5}
{"step": 14850, "train_loss_nats": 0.983056366443634, "training_seconds": 177.0}
{"step": 14900, "train_loss_nats": 0.9689227342605591, "training_seconds": 177.6}
{"step": 14950, "train_loss_nats": 1.0550307035446167, "training_seconds": 178.2}
{"step": 15000, "train_loss_nats": 0.9510678052902222, "training_seconds": 178.8}
{"step": 15050, "train_loss_nats": 0.9655928015708923, "training_seconds": 179.4}
{"step": 15100, "train_loss_nats": 1.008603572845459, "training_seconds": 180.0}
{"step": 15150, "train_loss_nats": 0.967929482460022, "training_seconds": 180.6}
{"step": 15200, "train_loss_nats": 1.0355753898620605, "training_seconds": 181.2}
{"step": 15250, "train_loss_nats": 0.9750153422355652, "training_seconds": 181.8}
{"step": 15300, "train_loss_nats": 1.0446285009384155, "training_seconds": 182.4}
{"step": 15350, "train_loss_nats": 0.9974766373634338, "training_seconds": 183.0}
{"step": 15400, "train_loss_nats": 1.0946698188781738, "training_seconds": 183.6}
{"step": 15450, "train_loss_nats": 1.0015876293182373, "training_seconds": 184.2}
{"step": 15500, "train_loss_nats": 1.0453351736068726, "training_seconds": 184.8}
{"step": 15550, "train_loss_nats": 0.9504561424255371, "training_seconds": 185.4}
{"step": 15600, "train_loss_nats": 0.9387009143829346, "training_seconds": 186.0}
{"step": 15650, "train_loss_nats": 0.9825319647789001, "training_seconds": 186.6}
{"step": 15700, "train_loss_nats": 0.9165416955947876, "training_seconds": 187.1}
{"step": 15750, "train_loss_nats": 0.9609740376472473, "training_seconds": 187.7}
{"step": 15800, "train_loss_nats": 0.9921712279319763, "training_seconds": 188.3}
{"step": 15850, "train_loss_nats": 1.0152003765106201, "training_seconds": 188.9}
{"step": 15900, "train_loss_nats": 0.9643181562423706, "training_seconds": 189.5}
{"step": 15950, "train_loss_nats": 0.9709597826004028, "training_seconds": 190.1}
{"step": 16000, "train_loss_nats": 0.9589942097663879, "training_seconds": 190.7}
{"step": 16050, "train_loss_nats": 0.9524632692337036, "training_seconds": 191.3}
{"step": 16100, "train_loss_nats": 1.008284330368042, "training_seconds": 191.9}
{"step": 16150, "train_loss_nats": 1.0380769968032837, "training_seconds": 192.5}
{"step": 16200, "train_loss_nats": 0.9669051170349121, "training_seconds": 193.1}
{"step": 16250, "train_loss_nats": 0.9954138398170471, "training_seconds": 193.7}
{"step": 16300, "train_loss_nats": 0.9399307370185852, "training_seconds": 194.3}
{"step": 16350, "train_loss_nats": 0.9465463161468506, "training_seconds": 194.9}
{"step": 16400, "train_loss_nats": 0.9243295788764954, "training_seconds": 195.5}
{"step": 16450, "train_loss_nats": 0.9385612607002258, "training_seconds": 196.1}
{"step": 16500, "train_loss_nats": 1.041637659072876, "training_seconds": 196.7}
{"step": 16550, "train_loss_nats": 0.9913724064826965, "training_seconds": 197.3}
{"step": 16600, "train_loss_nats": 0.9878972768783569, "training_seconds": 197.9}
{"step": 16650, "train_loss_nats": 1.044710636138916, "training_seconds": 198.5}
{"step": 16700, "train_loss_nats": 0.9801924824714661, "training_seconds": 199.1}
{"step": 16750, "train_loss_nats": 0.971196711063385, "training_seconds": 199.7}
{"step": 16800, "train_loss_nats": 1.0023521184921265, "training_seconds": 200.2}
{"step": 16850, "train_loss_nats": 0.9790446162223816, "training_seconds": 200.8}
{"step": 16900, "train_loss_nats": 0.9329339861869812, "training_seconds": 201.4}
{"step": 16950, "train_loss_nats": 0.9585363864898682, "training_seconds": 202.0}
{"step": 17000, "train_loss_nats": 0.9216822981834412, "training_seconds": 202.6}
{"step": 17050, "train_loss_nats": 0.9849996566772461, "training_seconds": 203.2}
{"step": 17100, "train_loss_nats": 0.9698434472084045, "training_seconds": 203.8}
{"step": 17150, "train_loss_nats": 0.9647485017776489, "training_seconds": 204.4}
{"step": 17200, "train_loss_nats": 0.9596614241600037, "training_seconds": 205.0}
{"step": 17250, "train_loss_nats": 0.9117987155914307, "training_seconds": 205.6}
{"step": 17300, "train_loss_nats": 0.9821338653564453, "training_seconds": 206.2}
{"step": 17350, "train_loss_nats": 0.960655152797699, "training_seconds": 206.8}
{"step": 17400, "train_loss_nats": 0.991510808467865, "training_seconds": 207.4}
{"step": 17450, "train_loss_nats": 0.9664021730422974, "training_seconds": 208.0}
{"step": 17500, "train_loss_nats": 0.9431323409080505, "training_seconds": 208.6}
{"step": 17550, "train_loss_nats": 0.9188491106033325, "training_seconds": 209.2}
{"step": 17600, "train_loss_nats": 1.0034370422363281, "training_seconds": 209.8}
{"step": 17650, "train_loss_nats": 0.9596343636512756, "training_seconds": 210.3}
{"step": 17700, "train_loss_nats": 0.9238256216049194, "training_seconds": 210.9}
{"step": 17750, "train_loss_nats": 0.9919876456260681, "training_seconds": 211.5}
{"step": 17800, "train_loss_nats": 0.9556244015693665, "training_seconds": 212.1}
{"step": 17850, "train_loss_nats": 0.9433714151382446, "training_seconds": 212.7}
{"step": 17900, "train_loss_nats": 0.9884405732154846, "training_seconds": 213.3}
{"step": 17950, "train_loss_nats": 0.9519100189208984, "training_seconds": 213.9}
{"step": 18000, "train_loss_nats": 0.9965745210647583, "training_seconds": 214.5}
{"step": 18050, "train_loss_nats": 0.9882131218910217, "training_seconds": 215.1}
{"step": 18100, "train_loss_nats": 0.921486496925354, "training_seconds": 215.7}
{"step": 18150, "train_loss_nats": 0.9139910936355591, "training_seconds": 216.3}
{"step": 18200, "train_loss_nats": 0.9730028510093689, "training_seconds": 216.9}
{"step": 18250, "train_loss_nats": 0.9156643152236938, "training_seconds": 217.5}
{"step": 18300, "train_loss_nats": 0.9722933173179626, "training_seconds": 218.1}
{"step": 18350, "train_loss_nats": 0.9232350587844849, "training_seconds": 218.7}
{"step": 18400, "train_loss_nats": 0.9682148098945618, "training_seconds": 219.3}
{"step": 18450, "train_loss_nats": 1.012007713317871, "training_seconds": 219.8}
{"step": 18500, "train_loss_nats": 0.9637488722801208, "training_seconds": 220.4}
{"step": 18550, "train_loss_nats": 0.9427148699760437, "training_seconds": 221.0}
{"step": 18600, "train_loss_nats": 0.9798847436904907, "training_seconds": 221.6}
{"step": 18650, "train_loss_nats": 1.0174349546432495, "training_seconds": 222.2}
{"step": 18700, "train_loss_nats": 0.9567103385925293, "training_seconds": 222.8}
{"step": 18750, "train_loss_nats": 0.9504619836807251, "training_seconds": 223.4}
{"step": 18800, "train_loss_nats": 0.934536337852478, "training_seconds": 224.0}
{"step": 18850, "train_loss_nats": 0.9246494174003601, "training_seconds": 224.6}
{"step": 18900, "train_loss_nats": 0.9507099390029907, "training_seconds": 225.2}
{"step": 18950, "train_loss_nats": 0.94643634557724, "training_seconds": 225.8}
{"step": 19000, "train_loss_nats": 0.9398689866065979, "training_seconds": 226.4}
{"step": 19050, "train_loss_nats": 0.9263361096382141, "training_seconds": 227.0}
{"step": 19100, "train_loss_nats": 0.9624996781349182, "training_seconds": 227.6}
{"step": 19150, "train_loss_nats": 0.9897997379302979, "training_seconds": 228.2}
{"step": 19200, "train_loss_nats": 0.9567732810974121, "training_seconds": 228.8}
{"step": 19250, "train_loss_nats": 0.9359658360481262, "training_seconds": 229.3}
{"step": 19300, "train_loss_nats": 0.9081148505210876, "training_seconds": 229.9}
{"step": 19350, "train_loss_nats": 0.9343144297599792, "training_seconds": 230.5}
{"step": 19400, "train_loss_nats": 0.925342857837677, "training_seconds": 231.1}
{"step": 19450, "train_loss_nats": 0.9342243671417236, "training_seconds": 231.7}
{"step": 19500, "train_loss_nats": 0.8949256539344788, "training_seconds": 232.3}
{"step": 19550, "train_loss_nats": 0.9135611057281494, "training_seconds": 232.9}
{"step": 19600, "train_loss_nats": 0.9336192011833191, "training_seconds": 233.5}
{"step": 19650, "train_loss_nats": 0.9240902066230774, "training_seconds": 234.1}
{"step": 19700, "train_loss_nats": 0.9401884078979492, "training_seconds": 234.7}
{"step": 19750, "train_loss_nats": 0.9647828936576843, "training_seconds": 235.3}
{"step": 19800, "train_loss_nats": 0.9749414920806885, "training_seconds": 235.9}
{"step": 19850, "train_loss_nats": 0.9550566673278809, "training_seconds": 236.5}
{"step": 19900, "train_loss_nats": 0.8847546577453613, "training_seconds": 237.1}
{"step": 19950, "train_loss_nats": 0.9839913845062256, "training_seconds": 237.7}
{"step": 20000, "train_loss_nats": 0.9489102363586426, "training_seconds": 238.3}
{"step": 20050, "train_loss_nats": 0.8815338611602783, "training_seconds": 238.9}
{"step": 20100, "train_loss_nats": 0.9646137356758118, "training_seconds": 239.5}
{"step": 20150, "train_loss_nats": 0.95994633436203, "training_seconds": 240.1}
{"step": 20200, "train_loss_nats": 0.9216138124465942, "training_seconds": 240.7}
{"step": 20250, "train_loss_nats": 0.9450292587280273, "training_seconds": 241.3}
{"step": 20300, "train_loss_nats": 0.9263715744018555, "training_seconds": 241.8}
{"step": 20350, "train_loss_nats": 0.9365283250808716, "training_seconds": 242.4}
{"step": 20400, "train_loss_nats": 0.9603462219238281, "training_seconds": 243.0}
{"step": 20450, "train_loss_nats": 0.9093964695930481, "training_seconds": 243.6}
{"step": 20500, "train_loss_nats": 0.9500412344932556, "training_seconds": 244.2}
{"step": 20550, "train_loss_nats": 0.9809325337409973, "training_seconds": 244.8}
{"step": 20600, "train_loss_nats": 0.911831796169281, "training_seconds": 245.4}
{"step": 20650, "train_loss_nats": 0.915879487991333, "training_seconds": 246.0}
{"step": 20700, "train_loss_nats": 0.9361062049865723, "training_seconds": 246.6}
{"step": 20750, "train_loss_nats": 0.9137790203094482, "training_seconds": 247.2}
{"step": 20800, "train_loss_nats": 0.9688347578048706, "training_seconds": 247.8}
{"step": 20850, "train_loss_nats": 0.9634256958961487, "training_seconds": 248.4}
{"step": 20900, "train_loss_nats": 0.9609934091567993, "training_seconds": 249.0}
{"step": 20950, "train_loss_nats": 0.9020625948905945, "training_seconds": 249.6}
{"step": 21000, "train_loss_nats": 0.9501780867576599, "training_seconds": 250.2}
{"step": 21050, "train_loss_nats": 0.9431852698326111, "training_seconds": 250.8}
{"step": 21100, "train_loss_nats": 0.9420465230941772, "training_seconds": 251.4}
{"step": 21150, "train_loss_nats": 0.8641711473464966, "training_seconds": 252.0}
{"step": 21200, "train_loss_nats": 0.9487342834472656, "training_seconds": 252.5}
{"step": 21250, "train_loss_nats": 0.89957594871521, "training_seconds": 253.1}
{"step": 21300, "train_loss_nats": 0.9284924268722534, "training_seconds": 253.7}
{"step": 21350, "train_loss_nats": 0.9318587183952332, "training_seconds": 254.3}
{"step": 21400, "train_loss_nats": 0.9309819936752319, "training_seconds": 254.9}
{"step": 21450, "train_loss_nats": 0.8795788884162903, "training_seconds": 255.5}
{"step": 21500, "train_loss_nats": 0.9568253755569458, "training_seconds": 256.1}
{"step": 21550, "train_loss_nats": 0.9315600395202637, "training_seconds": 256.7}
{"step": 21600, "train_loss_nats": 0.9107091426849365, "training_seconds": 257.3}
{"step": 21650, "train_loss_nats": 0.9427551031112671, "training_seconds": 257.9}
{"step": 21700, "train_loss_nats": 0.9210309982299805, "training_seconds": 258.5}
{"step": 21750, "train_loss_nats": 0.838563084602356, "training_seconds": 259.1}
{"step": 21800, "train_loss_nats": 0.8963407874107361, "training_seconds": 259.7}
{"step": 21850, "train_loss_nats": 0.9239407777786255, "training_seconds": 260.3}
{"step": 21900, "train_loss_nats": 0.9518609046936035, "training_seconds": 260.9}
{"step": 21950, "train_loss_nats": 0.8807312250137329, "training_seconds": 261.5}
{"step": 22000, "train_loss_nats": 0.897549033164978, "training_seconds": 262.1}
{"step": 22050, "train_loss_nats": 0.9370391368865967, "training_seconds": 262.7}
{"step": 22100, "train_loss_nats": 0.9365813136100769, "training_seconds": 263.3}
{"step": 22150, "train_loss_nats": 0.8893762826919556, "training_seconds": 263.9}
{"step": 22200, "train_loss_nats": 0.934683084487915, "training_seconds": 264.5}
{"step": 22250, "train_loss_nats": 0.9102891683578491, "training_seconds": 265.1}
{"step": 22300, "train_loss_nats": 0.9339069128036499, "training_seconds": 265.7}
{"step": 22350, "train_loss_nats": 0.9133873581886292, "training_seconds": 266.3}
{"step": 22400, "train_loss_nats": 0.938513994216919, "training_seconds": 266.9}
{"step": 22450, "train_loss_nats": 0.9759968519210815, "training_seconds": 267.4}
{"step": 22500, "train_loss_nats": 0.9595282673835754, "training_seconds": 268.0}
{"step": 22550, "train_loss_nats": 0.9535907506942749, "training_seconds": 268.6}
{"step": 22600, "train_loss_nats": 0.8966851234436035, "training_seconds": 269.2}
{"step": 22650, "train_loss_nats": 0.8969867825508118, "training_seconds": 269.8}
{"step": 22700, "train_loss_nats": 0.8955574035644531, "training_seconds": 270.4}
{"step": 22750, "train_loss_nats": 0.9231976270675659, "training_seconds": 271.0}
{"step": 22800, "train_loss_nats": 0.9102349281311035, "training_seconds": 271.6}
{"step": 22850, "train_loss_nats": 0.9198033809661865, "training_seconds": 272.2}
{"step": 22900, "train_loss_nats": 0.9430171251296997, "training_seconds": 272.8}
{"step": 22950, "train_loss_nats": 0.9085750579833984, "training_seconds": 273.4}
{"step": 23000, "train_loss_nats": 0.9342867732048035, "training_seconds": 274.0}
{"step": 23050, "train_loss_nats": 0.9500241279602051, "training_seconds": 274.6}
{"step": 23100, "train_loss_nats": 0.9115915298461914, "training_seconds": 275.2}
{"step": 23150, "train_loss_nats": 0.9486612677574158, "training_seconds": 275.8}
{"step": 23200, "train_loss_nats": 0.9451904892921448, "training_seconds": 276.4}
{"step": 23250, "train_loss_nats": 0.8884463906288147, "training_seconds": 277.0}
{"step": 23300, "train_loss_nats": 0.9413952231407166, "training_seconds": 277.5}
{"step": 23350, "train_loss_nats": 0.9003182649612427, "training_seconds": 278.1}
{"step": 23400, "train_loss_nats": 0.9743408560752869, "training_seconds": 278.7}
{"step": 23450, "train_loss_nats": 0.9074627757072449, "training_seconds": 279.3}
{"step": 23500, "train_loss_nats": 0.900176465511322, "training_seconds": 279.9}
{"step": 23550, "train_loss_nats": 1.0050067901611328, "training_seconds": 280.5}
{"step": 23600, "train_loss_nats": 0.8872652053833008, "training_seconds": 281.1}
{"step": 23650, "train_loss_nats": 0.9102339744567871, "training_seconds": 281.7}
{"step": 23700, "train_loss_nats": 0.9073348641395569, "training_seconds": 282.3}
{"step": 23750, "train_loss_nats": 0.9100099802017212, "training_seconds": 282.9}
{"step": 23800, "train_loss_nats": 0.8979676365852356, "training_seconds": 283.5}
{"step": 23850, "train_loss_nats": 0.8838552236557007, "training_seconds": 284.1}
{"step": 23900, "train_loss_nats": 0.9040917754173279, "training_seconds": 284.7}
{"step": 23950, "train_loss_nats": 0.8846028447151184, "training_seconds": 285.3}
{"step": 24000, "train_loss_nats": 0.9370654225349426, "training_seconds": 285.9}
{"step": 24050, "train_loss_nats": 0.9323896169662476, "training_seconds": 286.5}
{"step": 24100, "train_loss_nats": 0.9078236818313599, "training_seconds": 287.1}
{"step": 24150, "train_loss_nats": 0.9078747034072876, "training_seconds": 287.6}
{"step": 24200, "train_loss_nats": 0.9107708930969238, "training_seconds": 288.2}
{"step": 24250, "train_loss_nats": 0.8548837900161743, "training_seconds": 288.8}
{"step": 24300, "train_loss_nats": 0.9262090921401978, "training_seconds": 289.4}
{"step": 24350, "train_loss_nats": 0.9087944626808167, "training_seconds": 290.0}
{"step": 24400, "train_loss_nats": 0.93840092420578, "training_seconds": 290.6}
{"step": 24450, "train_loss_nats": 0.967260479927063, "training_seconds": 291.2}
{"step": 24500, "train_loss_nats": 0.9618066549301147, "training_seconds": 291.8}
{"step": 24550, "train_loss_nats": 0.8927769660949707, "training_seconds": 292.4}
{"step": 24600, "train_loss_nats": 0.9347158074378967, "training_seconds": 293.0}
{"step": 24650, "train_loss_nats": 0.9558668732643127, "training_seconds": 293.6}
{"step": 24700, "train_loss_nats": 0.8860571384429932, "training_seconds": 294.2}
{"step": 24750, "train_loss_nats": 0.9298830032348633, "training_seconds": 294.8}
{"step": 24800, "train_loss_nats": 0.949347734451294, "training_seconds": 295.4}
{"step": 24850, "train_loss_nats": 0.9424314498901367, "training_seconds": 296.0}
{"step": 24900, "train_loss_nats": 0.9222719669342041, "training_seconds": 296.6}
{"step": 24950, "train_loss_nats": 0.9148396253585815, "training_seconds": 297.2}
{"step": 25000, "train_loss_nats": 0.9128590226173401, "training_seconds": 297.8}
{"step": 25050, "train_loss_nats": 0.9344515204429626, "training_seconds": 298.4}
{"step": 25100, "train_loss_nats": 0.8678179383277893, "training_seconds": 299.0}
{"step": 25150, "train_loss_nats": 0.9170000553131104, "training_seconds": 299.6}
{
  "status": "success",
  "metric_name": "val_bpb",
  "metric_value": 1.319296518133451,
  "val_bpb": 1.319296518133451,
  "validation_bytes_scored": 2097152,
  "training_seconds": 300.00394928175956,
  "train_loss_nats_last_logged": 0.9170000553131104,
  "steps": 25188,
  "parameter_count": 1711104,
  "gpu_name": "NVIDIA GeForce RTX 3090",
  "gpu_peak_bytes": 485198848,
  "torch_version": "2.5.1+cu124",
  "prepare_sha256": "9e276b61d9e332a457a88e36c39b66f2950cdda5b2769a76b386a1008188db3a",
  "train_sha256": "8988aa34384fc685a4182b168933a70f0567f0bd1863717f09a807ebe2f56f5e",
  "data_manifest_sha256": "f2ed3ba0d7f173a105650a46a1f8a04b80f3ad3748c8798950f0b0b667e10ac9",
  "checkpoint_sha256": "f26088d02e999452e98025b2a92959e185f623419203ebcc3fc02ce7359c6dc9"
}
{
  "verified": true,
  "independent_val_bpb": 1.319296518133451,
  "validation_bytes_scored": 2097152,
  "checkpoint_sha256": "f26088d02e999452e98025b2a92959e185f623419203ebcc3fc02ce7359c6dc9"
}
