------------------------------------
Tue 29 Sep 2026 17:34:57 IDT
SLURM_JOBID:		21731969
SLURM_JOB_NODELIST:	ise-3090-04
SLURM_SCRATCH_DIR:	
Allocated Resouces:	cpu - 2 / mem - 8192 MB / gpu - 1
SLURM_GPU_INDEX:	0
Running as guykalat from yshahar account with normal QOS
------------------------------------
{"step": 50, "train_loss_nats": 7.114747047424316, "training_seconds": 2.1}
{"step": 100, "train_loss_nats": 3.610368251800537, "training_seconds": 2.7}
{"step": 150, "train_loss_nats": 2.9730615615844727, "training_seconds": 3.3}
{"step": 200, "train_loss_nats": 2.683352470397949, "training_seconds": 3.9}
{"step": 250, "train_loss_nats": 2.590707302093506, "training_seconds": 4.5}
{"step": 300, "train_loss_nats": 2.4959893226623535, "training_seconds": 5.1}
{"step": 350, "train_loss_nats": 2.467179536819458, "training_seconds": 5.7}
{"step": 400, "train_loss_nats": 2.428363800048828, "training_seconds": 6.3}
{"step": 450, "train_loss_nats": 2.4414680004119873, "training_seconds": 6.9}
{"step": 500, "train_loss_nats": 2.4466607570648193, "training_seconds": 7.5}
{"step": 550, "train_loss_nats": 2.3940749168395996, "training_seconds": 8.1}
{"step": 600, "train_loss_nats": 2.418799638748169, "training_seconds": 8.7}
{"step": 650, "train_loss_nats": 2.370972156524658, "training_seconds": 9.2}
{"step": 700, "train_loss_nats": 2.373720407485962, "training_seconds": 9.8}
{"step": 750, "train_loss_nats": 2.372673511505127, "training_seconds": 10.4}
{"step": 800, "train_loss_nats": 2.3162169456481934, "training_seconds": 11.0}
{"step": 850, "train_loss_nats": 2.3902125358581543, "training_seconds": 11.6}
{"step": 900, "train_loss_nats": 2.3640642166137695, "training_seconds": 12.2}
{"step": 950, "train_loss_nats": 2.3347280025482178, "training_seconds": 12.8}
{"step": 1000, "train_loss_nats": 2.3686635494232178, "training_seconds": 13.4}
{"step": 1050, "train_loss_nats": 2.3565258979797363, "training_seconds": 14.0}
{"step": 1100, "train_loss_nats": 2.348871946334839, "training_seconds": 14.6}
{"step": 1150, "train_loss_nats": 2.300037145614624, "training_seconds": 15.2}
{"step": 1200, "train_loss_nats": 2.3532896041870117, "training_seconds": 15.8}
{"step": 1250, "train_loss_nats": 2.346935749053955, "training_seconds": 16.4}
{"step": 1300, "train_loss_nats": 2.3316996097564697, "training_seconds": 17.0}
{"step": 1350, "train_loss_nats": 2.3246052265167236, "training_seconds": 17.6}
{"step": 1400, "train_loss_nats": 2.3310184478759766, "training_seconds": 18.2}
{"step": 1450, "train_loss_nats": 2.312159299850464, "training_seconds": 18.8}
{"step": 1500, "train_loss_nats": 2.2999250888824463, "training_seconds": 19.3}
{"step": 1550, "train_loss_nats": 2.308567762374878, "training_seconds": 19.9}
{"step": 1600, "train_loss_nats": 2.3411684036254883, "training_seconds": 20.5}
{"step": 1650, "train_loss_nats": 2.2916977405548096, "training_seconds": 21.1}
{"step": 1700, "train_loss_nats": 2.314474105834961, "training_seconds": 21.7}
{"step": 1750, "train_loss_nats": 2.2785444259643555, "training_seconds": 22.3}
{"step": 1800, "train_loss_nats": 2.2459728717803955, "training_seconds": 22.9}
{"step": 1850, "train_loss_nats": 2.232449531555176, "training_seconds": 23.5}
{"step": 1900, "train_loss_nats": 2.2415928840637207, "training_seconds": 24.1}
{"step": 1950, "train_loss_nats": 2.22084641456604, "training_seconds": 24.7}
{"step": 2000, "train_loss_nats": 2.2060513496398926, "training_seconds": 25.3}
{"step": 2050, "train_loss_nats": 2.1216177940368652, "training_seconds": 25.9}
{"step": 2100, "train_loss_nats": 2.1750049591064453, "training_seconds": 26.5}
{"step": 2150, "train_loss_nats": 2.1101760864257812, "training_seconds": 27.1}
{"step": 2200, "train_loss_nats": 2.0852231979370117, "training_seconds": 27.7}
{"step": 2250, "train_loss_nats": 2.0175657272338867, "training_seconds": 28.3}
{"step": 2300, "train_loss_nats": 2.016043186187744, "training_seconds": 28.9}
{"step": 2350, "train_loss_nats": 1.9962295293807983, "training_seconds": 29.5}
{"step": 2400, "train_loss_nats": 1.98285710811615, "training_seconds": 30.0}
{"step": 2450, "train_loss_nats": 1.9470330476760864, "training_seconds": 30.6}
{"step": 2500, "train_loss_nats": 1.9161635637283325, "training_seconds": 31.2}
{"step": 2550, "train_loss_nats": 1.9185032844543457, "training_seconds": 31.8}
{"step": 2600, "train_loss_nats": 1.915482997894287, "training_seconds": 32.4}
{"step": 2650, "train_loss_nats": 1.8804042339324951, "training_seconds": 33.0}
{"step": 2700, "train_loss_nats": 1.8515921831130981, "training_seconds": 33.6}
{"step": 2750, "train_loss_nats": 1.8489446640014648, "training_seconds": 34.2}
{"step": 2800, "train_loss_nats": 1.8079348802566528, "training_seconds": 34.8}
{"step": 2850, "train_loss_nats": 1.8224718570709229, "training_seconds": 35.4}
{"step": 2900, "train_loss_nats": 1.8064924478530884, "training_seconds": 36.0}
{"step": 2950, "train_loss_nats": 1.7852641344070435, "training_seconds": 36.6}
{"step": 3000, "train_loss_nats": 1.7907074689865112, "training_seconds": 37.2}
{"step": 3050, "train_loss_nats": 1.8068389892578125, "training_seconds": 37.8}
{"step": 3100, "train_loss_nats": 1.7930938005447388, "training_seconds": 38.4}
{"step": 3150, "train_loss_nats": 1.8213473558425903, "training_seconds": 38.9}
{"step": 3200, "train_loss_nats": 1.7593475580215454, "training_seconds": 39.5}
{"step": 3250, "train_loss_nats": 1.7590590715408325, "training_seconds": 40.1}
{"step": 3300, "train_loss_nats": 1.7336382865905762, "training_seconds": 40.7}
{"step": 3350, "train_loss_nats": 1.7282286882400513, "training_seconds": 41.3}
{"step": 3400, "train_loss_nats": 1.7448310852050781, "training_seconds": 41.9}
{"step": 3450, "train_loss_nats": 1.6766738891601562, "training_seconds": 42.5}
{"step": 3500, "train_loss_nats": 1.6899077892303467, "training_seconds": 43.1}
{"step": 3550, "train_loss_nats": 1.6879531145095825, "training_seconds": 43.7}
{"step": 3600, "train_loss_nats": 1.7180465459823608, "training_seconds": 44.3}
{"step": 3650, "train_loss_nats": 1.6184056997299194, "training_seconds": 44.9}
{"step": 3700, "train_loss_nats": 1.6101410388946533, "training_seconds": 45.5}
{"step": 3750, "train_loss_nats": 1.6187196969985962, "training_seconds": 46.1}
{"step": 3800, "train_loss_nats": 1.6519755125045776, "training_seconds": 46.7}
{"step": 3850, "train_loss_nats": 1.641327142715454, "training_seconds": 47.2}
{"step": 3900, "train_loss_nats": 1.6232482194900513, "training_seconds": 47.8}
{"step": 3950, "train_loss_nats": 1.6007132530212402, "training_seconds": 48.4}
{"step": 4000, "train_loss_nats": 1.5656732320785522, "training_seconds": 49.0}
{"step": 4050, "train_loss_nats": 1.5599889755249023, "training_seconds": 49.6}
{"step": 4100, "train_loss_nats": 1.5229110717773438, "training_seconds": 50.2}
{"step": 4150, "train_loss_nats": 1.566627025604248, "training_seconds": 50.8}
{"step": 4200, "train_loss_nats": 1.5822460651397705, "training_seconds": 51.4}
{"step": 4250, "train_loss_nats": 1.5381232500076294, "training_seconds": 52.0}
{"step": 4300, "train_loss_nats": 1.470993995666504, "training_seconds": 52.6}
{"step": 4350, "train_loss_nats": 1.5133800506591797, "training_seconds": 53.2}
{"step": 4400, "train_loss_nats": 1.4632126092910767, "training_seconds": 53.8}
{"step": 4450, "train_loss_nats": 1.5171763896942139, "training_seconds": 54.4}
{"step": 4500, "train_loss_nats": 1.4498624801635742, "training_seconds": 54.9}
{"step": 4550, "train_loss_nats": 1.4980233907699585, "training_seconds": 55.5}
{"step": 4600, "train_loss_nats": 1.4764676094055176, "training_seconds": 56.1}
{"step": 4650, "train_loss_nats": 1.4644060134887695, "training_seconds": 56.7}
{"step": 4700, "train_loss_nats": 1.4658912420272827, "training_seconds": 57.3}
{"step": 4750, "train_loss_nats": 1.4704228639602661, "training_seconds": 57.9}
{"step": 4800, "train_loss_nats": 1.45231032371521, "training_seconds": 58.5}
{"step": 4850, "train_loss_nats": 1.4431625604629517, "training_seconds": 59.1}
{"step": 4900, "train_loss_nats": 1.4116579294204712, "training_seconds": 59.7}
{"step": 4950, "train_loss_nats": 1.4789907932281494, "training_seconds": 60.3}
{"step": 5000, "train_loss_nats": 1.4261184930801392, "training_seconds": 60.9}
{"step": 5050, "train_loss_nats": 1.397192120552063, "training_seconds": 61.5}
{"step": 5100, "train_loss_nats": 1.3700617551803589, "training_seconds": 62.1}
{"step": 5150, "train_loss_nats": 1.3930351734161377, "training_seconds": 62.7}
{"step": 5200, "train_loss_nats": 1.402955412864685, "training_seconds": 63.3}
{"step": 5250, "train_loss_nats": 1.4170384407043457, "training_seconds": 63.8}
{"step": 5300, "train_loss_nats": 1.418349027633667, "training_seconds": 64.4}
{"step": 5350, "train_loss_nats": 1.3983930349349976, "training_seconds": 65.0}
{"step": 5400, "train_loss_nats": 1.3828654289245605, "training_seconds": 65.6}
{"step": 5450, "train_loss_nats": 1.3691737651824951, "training_seconds": 66.2}
{"step": 5500, "train_loss_nats": 1.3530397415161133, "training_seconds": 66.8}
{"step": 5550, "train_loss_nats": 1.3686635494232178, "training_seconds": 67.4}
{"step": 5600, "train_loss_nats": 1.4204378128051758, "training_seconds": 68.0}
{"step": 5650, "train_loss_nats": 1.3301572799682617, "training_seconds": 68.6}
{"step": 5700, "train_loss_nats": 1.3062103986740112, "training_seconds": 69.2}
{"step": 5750, "train_loss_nats": 1.265682578086853, "training_seconds": 69.8}
{"step": 5800, "train_loss_nats": 1.3625658750534058, "training_seconds": 70.4}
{"step": 5850, "train_loss_nats": 1.3062258958816528, "training_seconds": 71.0}
{"step": 5900, "train_loss_nats": 1.3570939302444458, "training_seconds": 71.6}
{"step": 5950, "train_loss_nats": 1.3437397480010986, "training_seconds": 72.2}
{"step": 6000, "train_loss_nats": 1.3562144041061401, "training_seconds": 72.8}
{"step": 6050, "train_loss_nats": 1.2889639139175415, "training_seconds": 73.4}
{"step": 6100, "train_loss_nats": 1.2497767210006714, "training_seconds": 74.0}
{"step": 6150, "train_loss_nats": 1.305442452430725, "training_seconds": 74.5}
{"step": 6200, "train_loss_nats": 1.2675422430038452, "training_seconds": 75.1}
{"step": 6250, "train_loss_nats": 1.307976245880127, "training_seconds": 75.7}
{"step": 6300, "train_loss_nats": 1.2923654317855835, "training_seconds": 76.3}
{"step": 6350, "train_loss_nats": 1.3134071826934814, "training_seconds": 76.9}
{"step": 6400, "train_loss_nats": 1.2584360837936401, "training_seconds": 77.5}
{"step": 6450, "train_loss_nats": 1.301211953163147, "training_seconds": 78.1}
{"step": 6500, "train_loss_nats": 1.22292959690094, "training_seconds": 78.7}
{"step": 6550, "train_loss_nats": 1.379050612449646, "training_seconds": 79.3}
{"step": 6600, "train_loss_nats": 1.287070393562317, "training_seconds": 79.9}
{"step": 6650, "train_loss_nats": 1.2744159698486328, "training_seconds": 80.5}
{"step": 6700, "train_loss_nats": 1.2322081327438354, "training_seconds": 81.1}
{"step": 6750, "train_loss_nats": 1.2547129392623901, "training_seconds": 81.7}
{"step": 6800, "train_loss_nats": 1.1859192848205566, "training_seconds": 82.3}
{"step": 6850, "train_loss_nats": 1.2848104238510132, "training_seconds": 82.9}
{"step": 6900, "train_loss_nats": 1.2313101291656494, "training_seconds": 83.5}
{"step": 6950, "train_loss_nats": 1.2196118831634521, "training_seconds": 84.1}
{"step": 7000, "train_loss_nats": 1.2548116445541382, "training_seconds": 84.7}
{"step": 7050, "train_loss_nats": 1.2493271827697754, "training_seconds": 85.3}
{"step": 7100, "train_loss_nats": 1.2053040266036987, "training_seconds": 85.9}
{"step": 7150, "train_loss_nats": 1.287829875946045, "training_seconds": 86.5}
{"step": 7200, "train_loss_nats": 1.2019051313400269, "training_seconds": 87.1}
{"step": 7250, "train_loss_nats": 1.2296429872512817, "training_seconds": 87.7}
{"step": 7300, "train_loss_nats": 1.1687036752700806, "training_seconds": 88.3}
{"step": 7350, "train_loss_nats": 1.2275375127792358, "training_seconds": 88.9}
{"step": 7400, "train_loss_nats": 1.16387140750885, "training_seconds": 89.5}
{"step": 7450, "train_loss_nats": 1.237737774848938, "training_seconds": 90.1}
{"step": 7500, "train_loss_nats": 1.1766631603240967, "training_seconds": 90.7}
{"step": 7550, "train_loss_nats": 1.144005298614502, "training_seconds": 91.3}
{"step": 7600, "train_loss_nats": 1.1896790266036987, "training_seconds": 91.9}
{"step": 7650, "train_loss_nats": 1.2001665830612183, "training_seconds": 92.5}
{"step": 7700, "train_loss_nats": 1.2077834606170654, "training_seconds": 93.1}
{"step": 7750, "train_loss_nats": 1.2002615928649902, "training_seconds": 93.6}
{"step": 7800, "train_loss_nats": 1.1624661684036255, "training_seconds": 94.2}
{"step": 7850, "train_loss_nats": 1.2178301811218262, "training_seconds": 94.8}
{"step": 7900, "train_loss_nats": 1.1214131116867065, "training_seconds": 95.4}
{"step": 7950, "train_loss_nats": 1.14486563205719, "training_seconds": 96.0}
{"step": 8000, "train_loss_nats": 1.1848300695419312, "training_seconds": 96.6}
{"step": 8050, "train_loss_nats": 1.160950779914856, "training_seconds": 97.2}
{"step": 8100, "train_loss_nats": 1.2114250659942627, "training_seconds": 97.8}
{"step": 8150, "train_loss_nats": 1.082215428352356, "training_seconds": 98.4}
{"step": 8200, "train_loss_nats": 1.1267893314361572, "training_seconds": 99.0}
{"step": 8250, "train_loss_nats": 1.1504381895065308, "training_seconds": 99.6}
{"step": 8300, "train_loss_nats": 1.1543283462524414, "training_seconds": 100.2}
{"step": 8350, "train_loss_nats": 1.1025664806365967, "training_seconds": 100.7}
{"step": 8400, "train_loss_nats": 1.1935786008834839, "training_seconds": 101.3}
{"step": 8450, "train_loss_nats": 1.171311616897583, "training_seconds": 101.9}
{"step": 8500, "train_loss_nats": 1.1172120571136475, "training_seconds": 102.5}
{"step": 8550, "train_loss_nats": 1.1396830081939697, "training_seconds": 103.1}
{"step": 8600, "train_loss_nats": 1.1229755878448486, "training_seconds": 103.7}
{"step": 8650, "train_loss_nats": 1.139358639717102, "training_seconds": 104.3}
{"step": 8700, "train_loss_nats": 1.1164023876190186, "training_seconds": 104.9}
{"step": 8750, "train_loss_nats": 1.1088621616363525, "training_seconds": 105.5}
{"step": 8800, "train_loss_nats": 1.139478087425232, "training_seconds": 106.2}
{"step": 8850, "train_loss_nats": 1.1717283725738525, "training_seconds": 106.8}
{"step": 8900, "train_loss_nats": 1.111631989479065, "training_seconds": 107.4}
{"step": 8950, "train_loss_nats": 1.1219689846038818, "training_seconds": 108.0}
{"step": 9000, "train_loss_nats": 1.1595653295516968, "training_seconds": 108.6}
{"step": 9050, "train_loss_nats": 1.0834481716156006, "training_seconds": 109.2}
{"step": 9100, "train_loss_nats": 1.0748751163482666, "training_seconds": 109.8}
{"step": 9150, "train_loss_nats": 1.0578290224075317, "training_seconds": 110.4}
{"step": 9200, "train_loss_nats": 1.0725702047348022, "training_seconds": 111.0}
{"step": 9250, "train_loss_nats": 1.1261873245239258, "training_seconds": 111.6}
{"step": 9300, "train_loss_nats": 1.1631501913070679, "training_seconds": 112.3}
{"step": 9350, "train_loss_nats": 1.0923850536346436, "training_seconds": 112.9}
{"step": 9400, "train_loss_nats": 1.1069718599319458, "training_seconds": 113.5}
{"step": 9450, "train_loss_nats": 1.107353687286377, "training_seconds": 114.1}
{"step": 9500, "train_loss_nats": 1.1049882173538208, "training_seconds": 114.7}
{"step": 9550, "train_loss_nats": 1.0571627616882324, "training_seconds": 115.3}
{"step": 9600, "train_loss_nats": 1.095128059387207, "training_seconds": 115.9}
{"step": 9650, "train_loss_nats": 1.0478447675704956, "training_seconds": 116.5}
{"step": 9700, "train_loss_nats": 1.048750638961792, "training_seconds": 117.1}
{"step": 9750, "train_loss_nats": 1.1034425497055054, "training_seconds": 117.7}
{"step": 9800, "train_loss_nats": 1.010066032409668, "training_seconds": 118.3}
{"step": 9850, "train_loss_nats": 1.0553923845291138, "training_seconds": 118.9}
{"step": 9900, "train_loss_nats": 1.0132163763046265, "training_seconds": 119.5}
{"step": 9950, "train_loss_nats": 1.019885778427124, "training_seconds": 120.1}
{"step": 10000, "train_loss_nats": 1.0614415407180786, "training_seconds": 120.7}
{"step": 10050, "train_loss_nats": 1.023974061012268, "training_seconds": 121.3}
{"step": 10100, "train_loss_nats": 1.0512728691101074, "training_seconds": 121.9}
{"step": 10150, "train_loss_nats": 1.040244698524475, "training_seconds": 122.5}
{"step": 10200, "train_loss_nats": 1.0445878505706787, "training_seconds": 123.2}
{"step": 10250, "train_loss_nats": 1.0586344003677368, "training_seconds": 123.8}
{"step": 10300, "train_loss_nats": 1.0361418724060059, "training_seconds": 124.4}
{"step": 10350, "train_loss_nats": 1.0592060089111328, "training_seconds": 125.0}
{"step": 10400, "train_loss_nats": 1.0882667303085327, "training_seconds": 125.6}
{"step": 10450, "train_loss_nats": 1.0458508729934692, "training_seconds": 126.2}
{"step": 10500, "train_loss_nats": 1.0439141988754272, "training_seconds": 126.8}
{"step": 10550, "train_loss_nats": 1.1040608882904053, "training_seconds": 127.4}
{"step": 10600, "train_loss_nats": 1.0875346660614014, "training_seconds": 128.0}
{"step": 10650, "train_loss_nats": 1.010974645614624, "training_seconds": 128.6}
{"step": 10700, "train_loss_nats": 1.0439066886901855, "training_seconds": 129.2}
{"step": 10750, "train_loss_nats": 1.0954372882843018, "training_seconds": 129.8}
{"step": 10800, "train_loss_nats": 1.0653740167617798, "training_seconds": 130.4}
{"step": 10850, "train_loss_nats": 1.0095136165618896, "training_seconds": 131.0}
{"step": 10900, "train_loss_nats": 0.9933122396469116, "training_seconds": 131.7}
{"step": 10950, "train_loss_nats": 0.9900299310684204, "training_seconds": 132.3}
{"step": 11000, "train_loss_nats": 1.0754166841506958, "training_seconds": 132.9}
{"step": 11050, "train_loss_nats": 1.0218580961227417, "training_seconds": 133.5}
{"step": 11100, "train_loss_nats": 1.0427930355072021, "training_seconds": 134.1}
{"step": 11150, "train_loss_nats": 1.0233451128005981, "training_seconds": 134.7}
{"step": 11200, "train_loss_nats": 1.0543360710144043, "training_seconds": 135.3}
{"step": 11250, "train_loss_nats": 1.0276157855987549, "training_seconds": 135.9}
{"step": 11300, "train_loss_nats": 1.0484310388565063, "training_seconds": 136.5}
{"step": 11350, "train_loss_nats": 0.9535905718803406, "training_seconds": 137.1}
{"step": 11400, "train_loss_nats": 1.036704421043396, "training_seconds": 137.8}
{"step": 11450, "train_loss_nats": 1.0083928108215332, "training_seconds": 138.4}
{"step": 11500, "train_loss_nats": 1.0342504978179932, "training_seconds": 139.0}
{"step": 11550, "train_loss_nats": 0.9995639324188232, "training_seconds": 139.6}
{"step": 11600, "train_loss_nats": 1.032720923423767, "training_seconds": 140.2}
{"step": 11650, "train_loss_nats": 0.9935781359672546, "training_seconds": 140.8}
{"step": 11700, "train_loss_nats": 1.008928656578064, "training_seconds": 141.4}
{"step": 11750, "train_loss_nats": 1.0881537199020386, "training_seconds": 142.0}
{"step": 11800, "train_loss_nats": 1.051314353942871, "training_seconds": 142.6}
{"step": 11850, "train_loss_nats": 1.0253053903579712, "training_seconds": 143.2}
{"step": 11900, "train_loss_nats": 1.0291213989257812, "training_seconds": 143.8}
{"step": 11950, "train_loss_nats": 1.0726065635681152, "training_seconds": 144.5}
{"step": 12000, "train_loss_nats": 1.019246220588684, "training_seconds": 145.1}
{"step": 12050, "train_loss_nats": 1.0406849384307861, "training_seconds": 145.7}
{"step": 12100, "train_loss_nats": 0.9897653460502625, "training_seconds": 146.3}
{"step": 12150, "train_loss_nats": 0.9909029006958008, "training_seconds": 146.9}
{"step": 12200, "train_loss_nats": 1.0109496116638184, "training_seconds": 147.5}
{"step": 12250, "train_loss_nats": 1.0411970615386963, "training_seconds": 148.1}
{"step": 12300, "train_loss_nats": 0.9946405291557312, "training_seconds": 148.7}
{"step": 12350, "train_loss_nats": 0.9686452746391296, "training_seconds": 149.3}
{"step": 12400, "train_loss_nats": 1.0021826028823853, "training_seconds": 149.9}
{"step": 12450, "train_loss_nats": 1.0538549423217773, "training_seconds": 150.5}
{"step": 12500, "train_loss_nats": 0.9772737622261047, "training_seconds": 151.1}
{"step": 12550, "train_loss_nats": 0.9584572315216064, "training_seconds": 151.7}
{"step": 12600, "train_loss_nats": 1.0024335384368896, "training_seconds": 152.4}
{"step": 12650, "train_loss_nats": 1.0291712284088135, "training_seconds": 153.0}
{"step": 12700, "train_loss_nats": 0.9792343974113464, "training_seconds": 153.6}
{"step": 12750, "train_loss_nats": 0.9698745608329773, "training_seconds": 154.2}
{"step": 12800, "train_loss_nats": 0.9360233545303345, "training_seconds": 154.8}
{"step": 12850, "train_loss_nats": 1.0128487348556519, "training_seconds": 155.4}
{"step": 12900, "train_loss_nats": 1.008752465248108, "training_seconds": 156.0}
{"step": 12950, "train_loss_nats": 0.9805684685707092, "training_seconds": 156.6}
{"step": 13000, "train_loss_nats": 1.0332684516906738, "training_seconds": 157.2}
{"step": 13050, "train_loss_nats": 0.9641010761260986, "training_seconds": 157.9}
{"step": 13100, "train_loss_nats": 0.9561221599578857, "training_seconds": 158.5}
{"step": 13150, "train_loss_nats": 0.9490191340446472, "training_seconds": 159.1}
{"step": 13200, "train_loss_nats": 1.0487948656082153, "training_seconds": 159.7}
{"step": 13250, "train_loss_nats": 0.9742445349693298, "training_seconds": 160.3}
{"step": 13300, "train_loss_nats": 1.0486526489257812, "training_seconds": 160.9}
{"step": 13350, "train_loss_nats": 0.9874646067619324, "training_seconds": 161.5}
{"step": 13400, "train_loss_nats": 1.03038489818573, "training_seconds": 162.1}
{"step": 13450, "train_loss_nats": 1.001908540725708, "training_seconds": 162.8}
{"step": 13500, "train_loss_nats": 1.0379396677017212, "training_seconds": 163.4}
{"step": 13550, "train_loss_nats": 0.8969112634658813, "training_seconds": 164.0}
{"step": 13600, "train_loss_nats": 0.9397220611572266, "training_seconds": 164.6}
{"step": 13650, "train_loss_nats": 0.9908137917518616, "training_seconds": 165.2}
{"step": 13700, "train_loss_nats": 0.961638331413269, "training_seconds": 165.7}
{"step": 13750, "train_loss_nats": 0.9347096681594849, "training_seconds": 166.3}
{"step": 13800, "train_loss_nats": 0.9673363566398621, "training_seconds": 166.9}
{"step": 13850, "train_loss_nats": 0.9940840005874634, "training_seconds": 167.5}
{"step": 13900, "train_loss_nats": 0.9816259145736694, "training_seconds": 168.1}
{"step": 13950, "train_loss_nats": 0.9953811764717102, "training_seconds": 168.7}
{"step": 14000, "train_loss_nats": 0.9088380932807922, "training_seconds": 169.3}
{"step": 14050, "train_loss_nats": 0.9480718374252319, "training_seconds": 169.9}
{"step": 14100, "train_loss_nats": 0.9733342528343201, "training_seconds": 170.5}
{"step": 14150, "train_loss_nats": 0.9434873461723328, "training_seconds": 171.2}
{"step": 14200, "train_loss_nats": 0.9980765581130981, "training_seconds": 171.8}
{"step": 14250, "train_loss_nats": 0.985582172870636, "training_seconds": 172.4}
{"step": 14300, "train_loss_nats": 0.9953036308288574, "training_seconds": 173.0}
{"step": 14350, "train_loss_nats": 0.9625502228736877, "training_seconds": 173.6}
{"step": 14400, "train_loss_nats": 0.9714062213897705, "training_seconds": 174.2}
{"step": 14450, "train_loss_nats": 0.928779661655426, "training_seconds": 174.8}
{"step": 14500, "train_loss_nats": 0.9582503437995911, "training_seconds": 175.4}
{"step": 14550, "train_loss_nats": 0.9570006132125854, "training_seconds": 176.0}
{"step": 14600, "train_loss_nats": 0.9002180695533752, "training_seconds": 176.7}
{"step": 14650, "train_loss_nats": 0.9591658711433411, "training_seconds": 177.3}
{"step": 14700, "train_loss_nats": 0.9312874674797058, "training_seconds": 177.9}
{"step": 14750, "train_loss_nats": 0.9547675251960754, "training_seconds": 178.5}
{"step": 14800, "train_loss_nats": 0.9249579906463623, "training_seconds": 179.1}
{"step": 14850, "train_loss_nats": 0.9462026357650757, "training_seconds": 179.7}
{"step": 14900, "train_loss_nats": 0.9206128716468811, "training_seconds": 180.3}
{"step": 14950, "train_loss_nats": 0.9965041875839233, "training_seconds": 180.9}
{"step": 15000, "train_loss_nats": 0.9118194580078125, "training_seconds": 181.5}
{"step": 15050, "train_loss_nats": 0.9202629923820496, "training_seconds": 182.1}
{"step": 15100, "train_loss_nats": 0.9629981517791748, "training_seconds": 182.7}
{"step": 15150, "train_loss_nats": 0.9267216920852661, "training_seconds": 183.4}
{"step": 15200, "train_loss_nats": 0.9962164163589478, "training_seconds": 184.0}
{"step": 15250, "train_loss_nats": 0.9360879063606262, "training_seconds": 184.6}
{"step": 15300, "train_loss_nats": 1.0057231187820435, "training_seconds": 185.2}
{"step": 15350, "train_loss_nats": 0.9521185159683228, "training_seconds": 185.8}
{"step": 15400, "train_loss_nats": 1.0452144145965576, "training_seconds": 186.4}
{"step": 15450, "train_loss_nats": 0.9689887166023254, "training_seconds": 187.0}
{"step": 15500, "train_loss_nats": 1.0115820169448853, "training_seconds": 187.6}
{"step": 15550, "train_loss_nats": 0.9043351411819458, "training_seconds": 188.2}
{"step": 15600, "train_loss_nats": 0.8869327902793884, "training_seconds": 188.8}
{"step": 15650, "train_loss_nats": 0.9358226656913757, "training_seconds": 189.4}
{"step": 15700, "train_loss_nats": 0.8703432083129883, "training_seconds": 190.1}
{"step": 15750, "train_loss_nats": 0.9152824282646179, "training_seconds": 190.7}
{"step": 15800, "train_loss_nats": 0.9446344971656799, "training_seconds": 191.3}
{"step": 15850, "train_loss_nats": 0.9699023962020874, "training_seconds": 191.9}
{"step": 15900, "train_loss_nats": 0.9095956087112427, "training_seconds": 192.5}
{"step": 15950, "train_loss_nats": 0.9182263016700745, "training_seconds": 193.0}
{"step": 16000, "train_loss_nats": 0.9195898771286011, "training_seconds": 193.6}
{"step": 16050, "train_loss_nats": 0.920110285282135, "training_seconds": 194.2}
{"step": 16100, "train_loss_nats": 0.9579174518585205, "training_seconds": 194.8}
{"step": 16150, "train_loss_nats": 0.9761848449707031, "training_seconds": 195.4}
{"step": 16200, "train_loss_nats": 0.9117879867553711, "training_seconds": 196.0}
{"step": 16250, "train_loss_nats": 0.935855507850647, "training_seconds": 196.7}
{"step": 16300, "train_loss_nats": 0.8933818936347961, "training_seconds": 197.3}
{"step": 16350, "train_loss_nats": 0.9027769565582275, "training_seconds": 197.9}
{"step": 16400, "train_loss_nats": 0.880058765411377, "training_seconds": 198.5}
{"step": 16450, "train_loss_nats": 0.895077645778656, "training_seconds": 199.1}
{"step": 16500, "train_loss_nats": 0.9803604483604431, "training_seconds": 199.7}
{"step": 16550, "train_loss_nats": 0.9339207410812378, "training_seconds": 200.3}
{"step": 16600, "train_loss_nats": 0.9429335594177246, "training_seconds": 200.9}
{"step": 16650, "train_loss_nats": 0.9907644987106323, "training_seconds": 201.5}
{"step": 16700, "train_loss_nats": 0.9237737655639648, "training_seconds": 202.2}
{"step": 16750, "train_loss_nats": 0.9328767657279968, "training_seconds": 202.8}
{"step": 16800, "train_loss_nats": 0.9519650936126709, "training_seconds": 203.4}
{"step": 16850, "train_loss_nats": 0.9335153698921204, "training_seconds": 204.0}
{"step": 16900, "train_loss_nats": 0.8984676003456116, "training_seconds": 204.6}
{"step": 16950, "train_loss_nats": 0.9173436760902405, "training_seconds": 205.2}
{"step": 17000, "train_loss_nats": 0.8694556355476379, "training_seconds": 205.8}
{"step": 17050, "train_loss_nats": 0.9394353628158569, "training_seconds": 206.4}
{"step": 17100, "train_loss_nats": 0.9219463467597961, "training_seconds": 207.1}
{"step": 17150, "train_loss_nats": 0.9085327386856079, "training_seconds": 207.7}
{"step": 17200, "train_loss_nats": 0.9163281917572021, "training_seconds": 208.3}
{"step": 17250, "train_loss_nats": 0.8647461533546448, "training_seconds": 208.9}
{"step": 17300, "train_loss_nats": 0.9374508261680603, "training_seconds": 209.5}
{"step": 17350, "train_loss_nats": 0.9253479242324829, "training_seconds": 210.1}
{"step": 17400, "train_loss_nats": 0.9307863712310791, "training_seconds": 210.7}
{"step": 17450, "train_loss_nats": 0.9228225350379944, "training_seconds": 211.3}
{"step": 17500, "train_loss_nats": 0.8961066603660583, "training_seconds": 211.9}
{"step": 17550, "train_loss_nats": 0.8728146553039551, "training_seconds": 212.6}
{"step": 17600, "train_loss_nats": 0.9507386684417725, "training_seconds": 213.2}
{"step": 17650, "train_loss_nats": 0.914624810218811, "training_seconds": 213.8}
{"step": 17700, "train_loss_nats": 0.8803730607032776, "training_seconds": 214.4}
{"step": 17750, "train_loss_nats": 0.939466118812561, "training_seconds": 215.0}
{"step": 17800, "train_loss_nats": 0.9050127267837524, "training_seconds": 215.6}
{"step": 17850, "train_loss_nats": 0.8882754445075989, "training_seconds": 216.2}
{"step": 17900, "train_loss_nats": 0.9372735619544983, "training_seconds": 216.8}
{"step": 17950, "train_loss_nats": 0.901343822479248, "training_seconds": 217.5}
{"step": 18000, "train_loss_nats": 0.9345807433128357, "training_seconds": 218.1}
{"step": 18050, "train_loss_nats": 0.9393931031227112, "training_seconds": 218.7}
{"step": 18100, "train_loss_nats": 0.8739370107650757, "training_seconds": 219.3}
{"step": 18150, "train_loss_nats": 0.8585132360458374, "training_seconds": 219.9}
{"step": 18200, "train_loss_nats": 0.9240076541900635, "training_seconds": 220.5}
{"step": 18250, "train_loss_nats": 0.8638927340507507, "training_seconds": 221.1}
{"step": 18300, "train_loss_nats": 0.9192327260971069, "training_seconds": 221.7}
{"step": 18350, "train_loss_nats": 0.8669483661651611, "training_seconds": 222.3}
{"step": 18400, "train_loss_nats": 0.9116461277008057, "training_seconds": 222.9}
{"step": 18450, "train_loss_nats": 0.9632789492607117, "training_seconds": 223.6}
{"step": 18500, "train_loss_nats": 0.9138805866241455, "training_seconds": 224.2}
{"step": 18550, "train_loss_nats": 0.8932057619094849, "training_seconds": 224.8}
{"step": 18600, "train_loss_nats": 0.9210523366928101, "training_seconds": 225.4}
{"step": 18650, "train_loss_nats": 0.9605324864387512, "training_seconds": 226.0}
{"step": 18700, "train_loss_nats": 0.9022097587585449, "training_seconds": 226.6}
{"step": 18750, "train_loss_nats": 0.9022881984710693, "training_seconds": 227.2}
{"step": 18800, "train_loss_nats": 0.883047878742218, "training_seconds": 227.8}
{"step": 18850, "train_loss_nats": 0.8790773749351501, "training_seconds": 228.4}
{"step": 18900, "train_loss_nats": 0.8960806727409363, "training_seconds": 229.1}
{"step": 18950, "train_loss_nats": 0.8893307447433472, "training_seconds": 229.7}
{"step": 19000, "train_loss_nats": 0.894263505935669, "training_seconds": 230.3}
{"step": 19050, "train_loss_nats": 0.8753653764724731, "training_seconds": 230.9}
{"step": 19100, "train_loss_nats": 0.9018486142158508, "training_seconds": 231.5}
{"step": 19150, "train_loss_nats": 0.930513322353363, "training_seconds": 232.1}
{"step": 19200, "train_loss_nats": 0.9117910861968994, "training_seconds": 232.7}
{"step": 19250, "train_loss_nats": 0.8744058012962341, "training_seconds": 233.3}
{"step": 19300, "train_loss_nats": 0.8579491972923279, "training_seconds": 233.9}
{"step": 19350, "train_loss_nats": 0.880059003829956, "training_seconds": 234.5}
{"step": 19400, "train_loss_nats": 0.8729439377784729, "training_seconds": 235.2}
{"step": 19450, "train_loss_nats": 0.8883035778999329, "training_seconds": 235.8}
{"step": 19500, "train_loss_nats": 0.8420050740242004, "training_seconds": 236.4}
{"step": 19550, "train_loss_nats": 0.8455618619918823, "training_seconds": 237.0}
{"step": 19600, "train_loss_nats": 0.8855356574058533, "training_seconds": 237.6}
{"step": 19650, "train_loss_nats": 0.8650311231613159, "training_seconds": 238.2}
{"step": 19700, "train_loss_nats": 0.8811905384063721, "training_seconds": 238.8}
{"step": 19750, "train_loss_nats": 0.904948353767395, "training_seconds": 239.4}
{"step": 19800, "train_loss_nats": 0.9087544679641724, "training_seconds": 240.0}
{"step": 19850, "train_loss_nats": 0.8968073129653931, "training_seconds": 240.6}
{"step": 19900, "train_loss_nats": 0.8283947706222534, "training_seconds": 241.3}
{"step": 19950, "train_loss_nats": 0.919361412525177, "training_seconds": 241.9}
{"step": 20000, "train_loss_nats": 0.8821820616722107, "training_seconds": 242.5}
{"step": 20050, "train_loss_nats": 0.8228772282600403, "training_seconds": 243.1}
{"step": 20100, "train_loss_nats": 0.9144027829170227, "training_seconds": 243.7}
{"step": 20150, "train_loss_nats": 0.899036705493927, "training_seconds": 244.3}
{"step": 20200, "train_loss_nats": 0.877530574798584, "training_seconds": 244.9}
{"step": 20250, "train_loss_nats": 0.8884924054145813, "training_seconds": 245.5}
{"step": 20300, "train_loss_nats": 0.8631570339202881, "training_seconds": 246.1}
{"step": 20350, "train_loss_nats": 0.8940972089767456, "training_seconds": 246.8}
{"step": 20400, "train_loss_nats": 0.8971726894378662, "training_seconds": 247.4}
{"step": 20450, "train_loss_nats": 0.855596661567688, "training_seconds": 248.0}
{"step": 20500, "train_loss_nats": 0.8957831859588623, "training_seconds": 248.6}
{"step": 20550, "train_loss_nats": 0.9209595918655396, "training_seconds": 249.2}
{"step": 20600, "train_loss_nats": 0.8589892983436584, "training_seconds": 249.8}
{"step": 20650, "train_loss_nats": 0.8589105010032654, "training_seconds": 250.4}
{"step": 20700, "train_loss_nats": 0.8742746710777283, "training_seconds": 251.0}
{"step": 20750, "train_loss_nats": 0.8584003448486328, "training_seconds": 251.7}
{"step": 20800, "train_loss_nats": 0.9185425639152527, "training_seconds": 252.3}
{"step": 20850, "train_loss_nats": 0.9008744359016418, "training_seconds": 252.9}
{"step": 20900, "train_loss_nats": 0.8960273861885071, "training_seconds": 253.5}
{"step": 20950, "train_loss_nats": 0.838384747505188, "training_seconds": 254.1}
{"step": 21000, "train_loss_nats": 0.8853169679641724, "training_seconds": 254.7}
{"step": 21050, "train_loss_nats": 0.8792117834091187, "training_seconds": 255.3}
{"step": 21100, "train_loss_nats": 0.8824238181114197, "training_seconds": 255.9}
{"step": 21150, "train_loss_nats": 0.810547411441803, "training_seconds": 256.6}
{"step": 21200, "train_loss_nats": 0.8871639966964722, "training_seconds": 257.2}
{"step": 21250, "train_loss_nats": 0.8393175005912781, "training_seconds": 257.8}
{"step": 21300, "train_loss_nats": 0.8724939227104187, "training_seconds": 258.4}
{"step": 21350, "train_loss_nats": 0.8664671182632446, "training_seconds": 259.0}
{"step": 21400, "train_loss_nats": 0.8609330058097839, "training_seconds": 259.6}
{"step": 21450, "train_loss_nats": 0.8077592849731445, "training_seconds": 260.2}
{"step": 21500, "train_loss_nats": 0.8912600874900818, "training_seconds": 260.8}
{"step": 21550, "train_loss_nats": 0.8676140904426575, "training_seconds": 261.4}
{"step": 21600, "train_loss_nats": 0.85224449634552, "training_seconds": 262.0}
{"step": 21650, "train_loss_nats": 0.8732726573944092, "training_seconds": 262.6}
{"step": 21700, "train_loss_nats": 0.8562573194503784, "training_seconds": 263.2}
{"step": 21750, "train_loss_nats": 0.7805794477462769, "training_seconds": 263.8}
{"step": 21800, "train_loss_nats": 0.8391059041023254, "training_seconds": 264.4}
{"step": 21850, "train_loss_nats": 0.8598427176475525, "training_seconds": 265.0}
{"step": 21900, "train_loss_nats": 0.8870387077331543, "training_seconds": 265.6}
{"step": 21950, "train_loss_nats": 0.8197268843650818, "training_seconds": 266.2}
{"step": 22000, "train_loss_nats": 0.8485287427902222, "training_seconds": 266.8}
{"step": 22050, "train_loss_nats": 0.8664830327033997, "training_seconds": 267.4}
{"step": 22100, "train_loss_nats": 0.873692512512207, "training_seconds": 268.0}
{"step": 22150, "train_loss_nats": 0.832698404788971, "training_seconds": 268.7}
{"step": 22200, "train_loss_nats": 0.8676096200942993, "training_seconds": 269.3}
{"step": 22250, "train_loss_nats": 0.8443587422370911, "training_seconds": 269.9}
{"step": 22300, "train_loss_nats": 0.8638566732406616, "training_seconds": 270.5}
{"step": 22350, "train_loss_nats": 0.8481140732765198, "training_seconds": 271.1}
{"step": 22400, "train_loss_nats": 0.8664940595626831, "training_seconds": 271.7}
{"step": 22450, "train_loss_nats": 0.9059813618659973, "training_seconds": 272.3}
{"step": 22500, "train_loss_nats": 0.8975655436515808, "training_seconds": 272.9}
{"step": 22550, "train_loss_nats": 0.8785250782966614, "training_seconds": 273.5}
{"step": 22600, "train_loss_nats": 0.8304466009140015, "training_seconds": 274.2}
{"step": 22650, "train_loss_nats": 0.8325833082199097, "training_seconds": 274.8}
{"step": 22700, "train_loss_nats": 0.8309229016304016, "training_seconds": 275.4}
{"step": 22750, "train_loss_nats": 0.8557584285736084, "training_seconds": 276.0}
{"step": 22800, "train_loss_nats": 0.8505800366401672, "training_seconds": 276.6}
{"step": 22850, "train_loss_nats": 0.8612396717071533, "training_seconds": 277.3}
{"step": 22900, "train_loss_nats": 0.8658419847488403, "training_seconds": 277.9}
{"step": 22950, "train_loss_nats": 0.8290197849273682, "training_seconds": 278.5}
{"step": 23000, "train_loss_nats": 0.8731197118759155, "training_seconds": 279.1}
{"step": 23050, "train_loss_nats": 0.8717700242996216, "training_seconds": 279.7}
{"step": 23100, "train_loss_nats": 0.8417657613754272, "training_seconds": 280.3}
{"step": 23150, "train_loss_nats": 0.8750693798065186, "training_seconds": 280.9}
{"step": 23200, "train_loss_nats": 0.8782663345336914, "training_seconds": 281.5}
{"step": 23250, "train_loss_nats": 0.8287837505340576, "training_seconds": 282.2}
{"step": 23300, "train_loss_nats": 0.868319571018219, "training_seconds": 282.8}
{"step": 23350, "train_loss_nats": 0.8311895132064819, "training_seconds": 283.4}
{"step": 23400, "train_loss_nats": 0.8840302228927612, "training_seconds": 284.0}
{"step": 23450, "train_loss_nats": 0.8387449979782104, "training_seconds": 284.6}
{"step": 23500, "train_loss_nats": 0.8289994597434998, "training_seconds": 285.2}
{"step": 23550, "train_loss_nats": 0.9334526062011719, "training_seconds": 285.8}
{"step": 23600, "train_loss_nats": 0.8151470422744751, "training_seconds": 286.4}
{"step": 23650, "train_loss_nats": 0.832054853439331, "training_seconds": 287.0}
{"step": 23700, "train_loss_nats": 0.837417483329773, "training_seconds": 287.6}
{"step": 23750, "train_loss_nats": 0.8363267183303833, "training_seconds": 288.3}
{"step": 23800, "train_loss_nats": 0.820418119430542, "training_seconds": 288.9}
{"step": 23850, "train_loss_nats": 0.8196706771850586, "training_seconds": 289.5}
{"step": 23900, "train_loss_nats": 0.8479981422424316, "training_seconds": 290.1}
{"step": 23950, "train_loss_nats": 0.8199794888496399, "training_seconds": 290.7}
{"step": 24000, "train_loss_nats": 0.8622946739196777, "training_seconds": 291.3}
{"step": 24050, "train_loss_nats": 0.8615497946739197, "training_seconds": 291.9}
{"step": 24100, "train_loss_nats": 0.8321925401687622, "training_seconds": 292.5}
{"step": 24150, "train_loss_nats": 0.8283655047416687, "training_seconds": 293.1}
{"step": 24200, "train_loss_nats": 0.8366380929946899, "training_seconds": 293.7}
{"step": 24250, "train_loss_nats": 0.7858701348304749, "training_seconds": 294.4}
{"step": 24300, "train_loss_nats": 0.8442906141281128, "training_seconds": 295.0}
{"step": 24350, "train_loss_nats": 0.8441793918609619, "training_seconds": 295.6}
{"step": 24400, "train_loss_nats": 0.8802000880241394, "training_seconds": 296.2}
{"step": 24450, "train_loss_nats": 0.8812422752380371, "training_seconds": 296.8}
{"step": 24500, "train_loss_nats": 0.888457715511322, "training_seconds": 297.4}
{"step": 24550, "train_loss_nats": 0.8236095905303955, "training_seconds": 298.0}
{"step": 24600, "train_loss_nats": 0.8550916314125061, "training_seconds": 298.6}
{"step": 24650, "train_loss_nats": 0.8828133344650269, "training_seconds": 299.2}
{"step": 24700, "train_loss_nats": 0.819155752658844, "training_seconds": 299.8}
Traceback (most recent call last):
  File "/home/guykalat/codex_autoresearch_tinystories_20260929/train.py", line 100, in <module>
    main()
  File "/home/guykalat/codex_autoresearch_tinystories_20260929/train.py", line 79, in main
    score = validation_bpb(model, val, device)
            ^^^^^^^^^^^^^^^^^^^^^^^^^^^^^^^^^^
  File "/home/guykalat/codex_autoresearch_tinystories_20260929/prepare.py", line 80, in validation_bpb
    raise ValueError("expected fixed validation bytes on model device")
ValueError: expected fixed validation bytes on model device
