------------------------------------
Tue 29 Sep 2026 17:42:10 IDT
SLURM_JOBID:		21731991
SLURM_JOB_NODELIST:	ise-3090-04
SLURM_SCRATCH_DIR:	
Allocated Resouces:	cpu - 2 / mem - 8192 MB / gpu - 1
SLURM_GPU_INDEX:	0
Running as guykalat from yshahar account with normal QOS
------------------------------------
uniform CPU/GPU validation and causal-prefix checks passed
{"step": 50, "train_loss_nats": 7.11474609375, "training_seconds": 1.0}
{"step": 100, "train_loss_nats": 3.610368251800537, "training_seconds": 1.6}
{"step": 150, "train_loss_nats": 2.9730615615844727, "training_seconds": 2.2}
{"step": 200, "train_loss_nats": 2.6833527088165283, "training_seconds": 2.8}
{"step": 250, "train_loss_nats": 2.590707302093506, "training_seconds": 3.4}
{"step": 300, "train_loss_nats": 2.4959897994995117, "training_seconds": 4.0}
{"step": 350, "train_loss_nats": 2.467179775238037, "training_seconds": 4.6}
{"step": 400, "train_loss_nats": 2.42836332321167, "training_seconds": 5.2}
{"step": 450, "train_loss_nats": 2.4414687156677246, "training_seconds": 5.8}
{"step": 500, "train_loss_nats": 2.4466588497161865, "training_seconds": 6.4}
{"step": 550, "train_loss_nats": 2.394075393676758, "training_seconds": 7.0}
{"step": 600, "train_loss_nats": 2.4188010692596436, "training_seconds": 7.6}
{"step": 650, "train_loss_nats": 2.3709733486175537, "training_seconds": 8.2}
{"step": 700, "train_loss_nats": 2.373722553253174, "training_seconds": 8.8}
{"step": 750, "train_loss_nats": 2.3726725578308105, "training_seconds": 9.4}
{"step": 800, "train_loss_nats": 2.3162176609039307, "training_seconds": 10.0}
{"step": 850, "train_loss_nats": 2.390209913253784, "training_seconds": 10.5}
{"step": 900, "train_loss_nats": 2.364068031311035, "training_seconds": 11.1}
{"step": 950, "train_loss_nats": 2.334723472595215, "training_seconds": 11.7}
{"step": 1000, "train_loss_nats": 2.3686623573303223, "training_seconds": 12.3}
{"step": 1050, "train_loss_nats": 2.3565239906311035, "training_seconds": 12.9}
{"step": 1100, "train_loss_nats": 2.3488681316375732, "training_seconds": 13.5}
{"step": 1150, "train_loss_nats": 2.3000316619873047, "training_seconds": 14.1}
{"step": 1200, "train_loss_nats": 2.3532910346984863, "training_seconds": 14.7}
{"step": 1250, "train_loss_nats": 2.3469467163085938, "training_seconds": 15.3}
{"step": 1300, "train_loss_nats": 2.3317015171051025, "training_seconds": 15.9}
{"step": 1350, "train_loss_nats": 2.3246071338653564, "training_seconds": 16.5}
{"step": 1400, "train_loss_nats": 2.3310189247131348, "training_seconds": 17.1}
{"step": 1450, "train_loss_nats": 2.3121612071990967, "training_seconds": 17.7}
{"step": 1500, "train_loss_nats": 2.2999227046966553, "training_seconds": 18.3}
{"step": 1550, "train_loss_nats": 2.3085825443267822, "training_seconds": 18.9}
{"step": 1600, "train_loss_nats": 2.3411667346954346, "training_seconds": 19.5}
{"step": 1650, "train_loss_nats": 2.291703701019287, "training_seconds": 20.1}
{"step": 1700, "train_loss_nats": 2.3144514560699463, "training_seconds": 20.7}
{"step": 1750, "train_loss_nats": 2.278549909591675, "training_seconds": 21.3}
{"step": 1800, "train_loss_nats": 2.2459888458251953, "training_seconds": 21.8}
{"step": 1850, "train_loss_nats": 2.232455015182495, "training_seconds": 22.4}
{"step": 1900, "train_loss_nats": 2.2415964603424072, "training_seconds": 23.0}
{"step": 1950, "train_loss_nats": 2.2208144664764404, "training_seconds": 23.6}
{"step": 2000, "train_loss_nats": 2.20605206489563, "training_seconds": 24.2}
{"step": 2050, "train_loss_nats": 2.1216230392456055, "training_seconds": 24.8}
{"step": 2100, "train_loss_nats": 2.1750128269195557, "training_seconds": 25.4}
{"step": 2150, "train_loss_nats": 2.1101865768432617, "training_seconds": 26.0}
{"step": 2200, "train_loss_nats": 2.0852067470550537, "training_seconds": 26.6}
{"step": 2250, "train_loss_nats": 2.0175094604492188, "training_seconds": 27.2}
{"step": 2300, "train_loss_nats": 2.0160129070281982, "training_seconds": 27.8}
{"step": 2350, "train_loss_nats": 1.9961856603622437, "training_seconds": 28.4}
{"step": 2400, "train_loss_nats": 1.982865571975708, "training_seconds": 29.0}
{"step": 2450, "train_loss_nats": 1.9470245838165283, "training_seconds": 29.6}
{"step": 2500, "train_loss_nats": 1.916074275970459, "training_seconds": 30.2}
{"step": 2550, "train_loss_nats": 1.9184623956680298, "training_seconds": 30.8}
{"step": 2600, "train_loss_nats": 1.915416955947876, "training_seconds": 31.4}
{"step": 2650, "train_loss_nats": 1.8803516626358032, "training_seconds": 31.9}
{"step": 2700, "train_loss_nats": 1.8515220880508423, "training_seconds": 32.5}
{"step": 2750, "train_loss_nats": 1.8489855527877808, "training_seconds": 33.1}
{"step": 2800, "train_loss_nats": 1.807950735092163, "training_seconds": 33.7}
{"step": 2850, "train_loss_nats": 1.8224364519119263, "training_seconds": 34.3}
{"step": 2900, "train_loss_nats": 1.8064513206481934, "training_seconds": 34.9}
{"step": 2950, "train_loss_nats": 1.7852474451065063, "training_seconds": 35.5}
{"step": 3000, "train_loss_nats": 1.7906521558761597, "training_seconds": 36.1}
{"step": 3050, "train_loss_nats": 1.806894302368164, "training_seconds": 36.7}
{"step": 3100, "train_loss_nats": 1.7930207252502441, "training_seconds": 37.3}
{"step": 3150, "train_loss_nats": 1.8213728666305542, "training_seconds": 37.9}
{"step": 3200, "train_loss_nats": 1.75933837890625, "training_seconds": 38.5}
{"step": 3250, "train_loss_nats": 1.7589912414550781, "training_seconds": 39.1}
{"step": 3300, "train_loss_nats": 1.7336608171463013, "training_seconds": 39.7}
{"step": 3350, "train_loss_nats": 1.7281906604766846, "training_seconds": 40.3}
{"step": 3400, "train_loss_nats": 1.744821548461914, "training_seconds": 40.8}
{"step": 3450, "train_loss_nats": 1.6764349937438965, "training_seconds": 41.4}
{"step": 3500, "train_loss_nats": 1.689740777015686, "training_seconds": 42.0}
{"step": 3550, "train_loss_nats": 1.687723994255066, "training_seconds": 42.6}
{"step": 3600, "train_loss_nats": 1.7178800106048584, "training_seconds": 43.2}
{"step": 3650, "train_loss_nats": 1.61826491355896, "training_seconds": 43.8}
{"step": 3700, "train_loss_nats": 1.609902024269104, "training_seconds": 44.4}
{"step": 3750, "train_loss_nats": 1.6184605360031128, "training_seconds": 45.0}
{"step": 3800, "train_loss_nats": 1.6517385244369507, "training_seconds": 45.6}
{"step": 3850, "train_loss_nats": 1.6409122943878174, "training_seconds": 46.2}
{"step": 3900, "train_loss_nats": 1.6231584548950195, "training_seconds": 46.8}
{"step": 3950, "train_loss_nats": 1.6007003784179688, "training_seconds": 47.4}
{"step": 4000, "train_loss_nats": 1.5654469728469849, "training_seconds": 48.0}
{"step": 4050, "train_loss_nats": 1.5597463846206665, "training_seconds": 48.6}
{"step": 4100, "train_loss_nats": 1.5225828886032104, "training_seconds": 49.1}
{"step": 4150, "train_loss_nats": 1.5665231943130493, "training_seconds": 49.7}
{"step": 4200, "train_loss_nats": 1.5822017192840576, "training_seconds": 50.3}
{"step": 4250, "train_loss_nats": 1.53770112991333, "training_seconds": 50.9}
{"step": 4300, "train_loss_nats": 1.4712668657302856, "training_seconds": 51.5}
{"step": 4350, "train_loss_nats": 1.5132358074188232, "training_seconds": 52.1}
{"step": 4400, "train_loss_nats": 1.4632645845413208, "training_seconds": 52.7}
{"step": 4450, "train_loss_nats": 1.5174376964569092, "training_seconds": 53.3}
{"step": 4500, "train_loss_nats": 1.4497812986373901, "training_seconds": 53.9}
{"step": 4550, "train_loss_nats": 1.4983346462249756, "training_seconds": 54.5}
{"step": 4600, "train_loss_nats": 1.4762660264968872, "training_seconds": 55.1}
{"step": 4650, "train_loss_nats": 1.4644742012023926, "training_seconds": 55.7}
{"step": 4700, "train_loss_nats": 1.4661681652069092, "training_seconds": 56.3}
{"step": 4750, "train_loss_nats": 1.4701429605484009, "training_seconds": 56.9}
{"step": 4800, "train_loss_nats": 1.4518588781356812, "training_seconds": 57.5}
{"step": 4850, "train_loss_nats": 1.4430677890777588, "training_seconds": 58.1}
{"step": 4900, "train_loss_nats": 1.4116246700286865, "training_seconds": 58.7}
{"step": 4950, "train_loss_nats": 1.479522705078125, "training_seconds": 59.2}
{"step": 5000, "train_loss_nats": 1.4266445636749268, "training_seconds": 59.8}
{"step": 5050, "train_loss_nats": 1.3967472314834595, "training_seconds": 60.4}
{"step": 5100, "train_loss_nats": 1.3704273700714111, "training_seconds": 61.0}
{"step": 5150, "train_loss_nats": 1.3931896686553955, "training_seconds": 61.6}
{"step": 5200, "train_loss_nats": 1.4028047323226929, "training_seconds": 62.2}
{"step": 5250, "train_loss_nats": 1.4180684089660645, "training_seconds": 62.8}
{"step": 5300, "train_loss_nats": 1.4187120199203491, "training_seconds": 63.4}
{"step": 5350, "train_loss_nats": 1.3979829549789429, "training_seconds": 64.0}
{"step": 5400, "train_loss_nats": 1.3820568323135376, "training_seconds": 64.6}
{"step": 5450, "train_loss_nats": 1.3693902492523193, "training_seconds": 65.2}
{"step": 5500, "train_loss_nats": 1.352997064590454, "training_seconds": 65.8}
{"step": 5550, "train_loss_nats": 1.3695652484893799, "training_seconds": 66.4}
{"step": 5600, "train_loss_nats": 1.4197369813919067, "training_seconds": 67.0}
{"step": 5650, "train_loss_nats": 1.3299654722213745, "training_seconds": 67.6}
{"step": 5700, "train_loss_nats": 1.3068217039108276, "training_seconds": 68.2}
{"step": 5750, "train_loss_nats": 1.2657322883605957, "training_seconds": 68.7}
{"step": 5800, "train_loss_nats": 1.361741304397583, "training_seconds": 69.3}
{"step": 5850, "train_loss_nats": 1.3057305812835693, "training_seconds": 69.9}
{"step": 5900, "train_loss_nats": 1.3563570976257324, "training_seconds": 70.5}
{"step": 5950, "train_loss_nats": 1.3442553281784058, "training_seconds": 71.1}
{"step": 6000, "train_loss_nats": 1.3558133840560913, "training_seconds": 71.7}
{"step": 6050, "train_loss_nats": 1.2888991832733154, "training_seconds": 72.3}
{"step": 6100, "train_loss_nats": 1.2500203847885132, "training_seconds": 72.9}
{"step": 6150, "train_loss_nats": 1.3048211336135864, "training_seconds": 73.5}
{"step": 6200, "train_loss_nats": 1.2682913541793823, "training_seconds": 74.1}
{"step": 6250, "train_loss_nats": 1.3079380989074707, "training_seconds": 74.7}
{"step": 6300, "train_loss_nats": 1.2917885780334473, "training_seconds": 75.3}
{"step": 6350, "train_loss_nats": 1.313109278678894, "training_seconds": 75.9}
{"step": 6400, "train_loss_nats": 1.2577869892120361, "training_seconds": 76.4}
{"step": 6450, "train_loss_nats": 1.3014419078826904, "training_seconds": 77.0}
{"step": 6500, "train_loss_nats": 1.2223641872406006, "training_seconds": 77.6}
{"step": 6550, "train_loss_nats": 1.3788771629333496, "training_seconds": 78.2}
{"step": 6600, "train_loss_nats": 1.286611557006836, "training_seconds": 78.8}
{"step": 6650, "train_loss_nats": 1.2734960317611694, "training_seconds": 79.4}
{"step": 6700, "train_loss_nats": 1.2329809665679932, "training_seconds": 80.0}
{"step": 6750, "train_loss_nats": 1.2550692558288574, "training_seconds": 80.6}
{"step": 6800, "train_loss_nats": 1.1846307516098022, "training_seconds": 81.2}
{"step": 6850, "train_loss_nats": 1.2846630811691284, "training_seconds": 81.8}
{"step": 6900, "train_loss_nats": 1.2321263551712036, "training_seconds": 82.4}
{"step": 6950, "train_loss_nats": 1.2204558849334717, "training_seconds": 83.0}
{"step": 7000, "train_loss_nats": 1.2549978494644165, "training_seconds": 83.6}
{"step": 7050, "train_loss_nats": 1.2508971691131592, "training_seconds": 84.2}
{"step": 7100, "train_loss_nats": 1.2062662839889526, "training_seconds": 84.8}
{"step": 7150, "train_loss_nats": 1.2866535186767578, "training_seconds": 85.4}
{"step": 7200, "train_loss_nats": 1.2019785642623901, "training_seconds": 86.0}
{"step": 7250, "train_loss_nats": 1.2294151782989502, "training_seconds": 86.6}
{"step": 7300, "train_loss_nats": 1.1671289205551147, "training_seconds": 87.2}
{"step": 7350, "train_loss_nats": 1.228127121925354, "training_seconds": 87.8}
{"step": 7400, "train_loss_nats": 1.165331244468689, "training_seconds": 88.4}
{"step": 7450, "train_loss_nats": 1.2384110689163208, "training_seconds": 88.9}
{"step": 7500, "train_loss_nats": 1.177819013595581, "training_seconds": 89.5}
{"step": 7550, "train_loss_nats": 1.1433125734329224, "training_seconds": 90.1}
{"step": 7600, "train_loss_nats": 1.190453290939331, "training_seconds": 90.7}
{"step": 7650, "train_loss_nats": 1.1998111009597778, "training_seconds": 91.3}
{"step": 7700, "train_loss_nats": 1.2094743251800537, "training_seconds": 91.9}
{"step": 7750, "train_loss_nats": 1.1994266510009766, "training_seconds": 92.5}
{"step": 7800, "train_loss_nats": 1.1609556674957275, "training_seconds": 93.1}
{"step": 7850, "train_loss_nats": 1.217451810836792, "training_seconds": 93.7}
{"step": 7900, "train_loss_nats": 1.1211386919021606, "training_seconds": 94.3}
{"step": 7950, "train_loss_nats": 1.144526481628418, "training_seconds": 94.9}
{"step": 8000, "train_loss_nats": 1.1832258701324463, "training_seconds": 95.5}
{"step": 8050, "train_loss_nats": 1.1582443714141846, "training_seconds": 96.1}
{"step": 8100, "train_loss_nats": 1.2100082635879517, "training_seconds": 96.7}
{"step": 8150, "train_loss_nats": 1.0807039737701416, "training_seconds": 97.3}
{"step": 8200, "train_loss_nats": 1.1276386976242065, "training_seconds": 97.9}
{"step": 8250, "train_loss_nats": 1.1480600833892822, "training_seconds": 98.4}
{"step": 8300, "train_loss_nats": 1.1589435338974, "training_seconds": 99.0}
{"step": 8350, "train_loss_nats": 1.1040141582489014, "training_seconds": 99.6}
{"step": 8400, "train_loss_nats": 1.1937636137008667, "training_seconds": 100.2}
{"step": 8450, "train_loss_nats": 1.1722888946533203, "training_seconds": 100.8}
{"step": 8500, "train_loss_nats": 1.1174284219741821, "training_seconds": 101.4}
{"step": 8550, "train_loss_nats": 1.1391816139221191, "training_seconds": 102.0}
{"step": 8600, "train_loss_nats": 1.1218197345733643, "training_seconds": 102.6}
{"step": 8650, "train_loss_nats": 1.1395418643951416, "training_seconds": 103.2}
{"step": 8700, "train_loss_nats": 1.1186847686767578, "training_seconds": 103.8}
{"step": 8750, "train_loss_nats": 1.1075081825256348, "training_seconds": 104.4}
{"step": 8800, "train_loss_nats": 1.1397560834884644, "training_seconds": 105.0}
{"step": 8850, "train_loss_nats": 1.1729085445404053, "training_seconds": 105.6}
{"step": 8900, "train_loss_nats": 1.1121242046356201, "training_seconds": 106.2}
{"step": 8950, "train_loss_nats": 1.1225160360336304, "training_seconds": 106.8}
{"step": 9000, "train_loss_nats": 1.158087134361267, "training_seconds": 107.4}
{"step": 9050, "train_loss_nats": 1.0838664770126343, "training_seconds": 107.9}
{"step": 9100, "train_loss_nats": 1.073452353477478, "training_seconds": 108.5}
{"step": 9150, "train_loss_nats": 1.0565495491027832, "training_seconds": 109.1}
{"step": 9200, "train_loss_nats": 1.0724940299987793, "training_seconds": 109.7}
{"step": 9250, "train_loss_nats": 1.1271319389343262, "training_seconds": 110.3}
{"step": 9300, "train_loss_nats": 1.1641416549682617, "training_seconds": 110.9}
{"step": 9350, "train_loss_nats": 1.092690110206604, "training_seconds": 111.5}
{"step": 9400, "train_loss_nats": 1.109367847442627, "training_seconds": 112.1}
{"step": 9450, "train_loss_nats": 1.1051335334777832, "training_seconds": 112.7}
{"step": 9500, "train_loss_nats": 1.1067441701889038, "training_seconds": 113.3}
{"step": 9550, "train_loss_nats": 1.056910514831543, "training_seconds": 113.9}
{"step": 9600, "train_loss_nats": 1.0972962379455566, "training_seconds": 114.5}
{"step": 9650, "train_loss_nats": 1.0462175607681274, "training_seconds": 115.1}
{"step": 9700, "train_loss_nats": 1.0488505363464355, "training_seconds": 115.6}
{"step": 9750, "train_loss_nats": 1.1042388677597046, "training_seconds": 116.2}
{"step": 9800, "train_loss_nats": 1.008962631225586, "training_seconds": 116.8}
{"step": 9850, "train_loss_nats": 1.0578680038452148, "training_seconds": 117.4}
{"step": 9900, "train_loss_nats": 1.0139844417572021, "training_seconds": 118.0}
{"step": 9950, "train_loss_nats": 1.0201294422149658, "training_seconds": 118.6}
{"step": 10000, "train_loss_nats": 1.0618994235992432, "training_seconds": 119.2}
{"step": 10050, "train_loss_nats": 1.0206586122512817, "training_seconds": 119.8}
{"step": 10100, "train_loss_nats": 1.0542837381362915, "training_seconds": 120.4}
{"step": 10150, "train_loss_nats": 1.0425969362258911, "training_seconds": 121.0}
{"step": 10200, "train_loss_nats": 1.048105001449585, "training_seconds": 121.6}
{"step": 10250, "train_loss_nats": 1.0582947731018066, "training_seconds": 122.2}
{"step": 10300, "train_loss_nats": 1.0400230884552002, "training_seconds": 122.8}
{"step": 10350, "train_loss_nats": 1.0618577003479004, "training_seconds": 123.4}
{"step": 10400, "train_loss_nats": 1.0875886678695679, "training_seconds": 124.0}
{"step": 10450, "train_loss_nats": 1.044486403465271, "training_seconds": 124.6}
{"step": 10500, "train_loss_nats": 1.0438252687454224, "training_seconds": 125.1}
{"step": 10550, "train_loss_nats": 1.1085551977157593, "training_seconds": 125.7}
{"step": 10600, "train_loss_nats": 1.085728406906128, "training_seconds": 126.3}
{"step": 10650, "train_loss_nats": 1.0123693943023682, "training_seconds": 126.9}
{"step": 10700, "train_loss_nats": 1.0428522825241089, "training_seconds": 127.5}
{"step": 10750, "train_loss_nats": 1.096899390220642, "training_seconds": 128.1}
{"step": 10800, "train_loss_nats": 1.0646964311599731, "training_seconds": 128.7}
{"step": 10850, "train_loss_nats": 1.0113630294799805, "training_seconds": 129.3}
{"step": 10900, "train_loss_nats": 0.9909063577651978, "training_seconds": 129.9}
{"step": 10950, "train_loss_nats": 0.9890350103378296, "training_seconds": 130.5}
{"step": 11000, "train_loss_nats": 1.075507402420044, "training_seconds": 131.1}
{"step": 11050, "train_loss_nats": 1.022424340248108, "training_seconds": 131.7}
{"step": 11100, "train_loss_nats": 1.0429728031158447, "training_seconds": 132.2}
{"step": 11150, "train_loss_nats": 1.0245271921157837, "training_seconds": 132.8}
{"step": 11200, "train_loss_nats": 1.0534731149673462, "training_seconds": 133.4}
{"step": 11250, "train_loss_nats": 1.026924967765808, "training_seconds": 134.0}
{"step": 11300, "train_loss_nats": 1.0479320287704468, "training_seconds": 134.6}
{"step": 11350, "train_loss_nats": 0.9525623917579651, "training_seconds": 135.2}
{"step": 11400, "train_loss_nats": 1.0374603271484375, "training_seconds": 135.8}
{"step": 11450, "train_loss_nats": 1.0107566118240356, "training_seconds": 136.4}
{"step": 11500, "train_loss_nats": 1.0346883535385132, "training_seconds": 137.0}
{"step": 11550, "train_loss_nats": 0.9969785809516907, "training_seconds": 137.6}
{"step": 11600, "train_loss_nats": 1.0301909446716309, "training_seconds": 138.2}
{"step": 11650, "train_loss_nats": 0.9979866743087769, "training_seconds": 138.8}
{"step": 11700, "train_loss_nats": 1.01206636428833, "training_seconds": 139.4}
{"step": 11750, "train_loss_nats": 1.0879590511322021, "training_seconds": 140.0}
{"step": 11800, "train_loss_nats": 1.052330732345581, "training_seconds": 140.6}
{"step": 11850, "train_loss_nats": 1.0242488384246826, "training_seconds": 141.2}
{"step": 11900, "train_loss_nats": 1.0312707424163818, "training_seconds": 141.7}
{"step": 11950, "train_loss_nats": 1.068830966949463, "training_seconds": 142.3}
{"step": 12000, "train_loss_nats": 1.0231297016143799, "training_seconds": 142.9}
{"step": 12050, "train_loss_nats": 1.040419101715088, "training_seconds": 143.5}
{"step": 12100, "train_loss_nats": 0.9883493185043335, "training_seconds": 144.1}
{"step": 12150, "train_loss_nats": 0.9875144362449646, "training_seconds": 144.7}
{"step": 12200, "train_loss_nats": 1.010475754737854, "training_seconds": 145.3}
{"step": 12250, "train_loss_nats": 1.0427725315093994, "training_seconds": 145.9}
{"step": 12300, "train_loss_nats": 0.9954690337181091, "training_seconds": 146.5}
{"step": 12350, "train_loss_nats": 0.9727640748023987, "training_seconds": 147.1}
{"step": 12400, "train_loss_nats": 1.002415657043457, "training_seconds": 147.7}
{"step": 12450, "train_loss_nats": 1.0565705299377441, "training_seconds": 148.3}
{"step": 12500, "train_loss_nats": 0.9752016067504883, "training_seconds": 148.9}
{"step": 12550, "train_loss_nats": 0.9592491388320923, "training_seconds": 149.5}
{"step": 12600, "train_loss_nats": 1.0033657550811768, "training_seconds": 150.1}
{"step": 12650, "train_loss_nats": 1.02898371219635, "training_seconds": 150.7}
{"step": 12700, "train_loss_nats": 0.9839494824409485, "training_seconds": 151.3}
{"step": 12750, "train_loss_nats": 0.9718389511108398, "training_seconds": 151.9}
{"step": 12800, "train_loss_nats": 0.9322963953018188, "training_seconds": 152.5}
{"step": 12850, "train_loss_nats": 1.015466332435608, "training_seconds": 153.1}
{"step": 12900, "train_loss_nats": 1.0060516595840454, "training_seconds": 153.7}
{"step": 12950, "train_loss_nats": 0.9791262149810791, "training_seconds": 154.2}
{"step": 13000, "train_loss_nats": 1.0337108373641968, "training_seconds": 154.8}
{"step": 13050, "train_loss_nats": 0.9626312255859375, "training_seconds": 155.4}
{"step": 13100, "train_loss_nats": 0.9564628601074219, "training_seconds": 156.0}
{"step": 13150, "train_loss_nats": 0.9476368427276611, "training_seconds": 156.6}
{"step": 13200, "train_loss_nats": 1.0450881719589233, "training_seconds": 157.2}
{"step": 13250, "train_loss_nats": 0.9703992605209351, "training_seconds": 157.8}
{"step": 13300, "train_loss_nats": 1.047281265258789, "training_seconds": 158.4}
{"step": 13350, "train_loss_nats": 0.9834445714950562, "training_seconds": 159.0}
{"step": 13400, "train_loss_nats": 1.0327324867248535, "training_seconds": 159.6}
{"step": 13450, "train_loss_nats": 1.0031869411468506, "training_seconds": 160.2}
{"step": 13500, "train_loss_nats": 1.0426095724105835, "training_seconds": 160.8}
{"step": 13550, "train_loss_nats": 0.9034176468849182, "training_seconds": 161.4}
{"step": 13600, "train_loss_nats": 0.9386460781097412, "training_seconds": 162.0}
{"step": 13650, "train_loss_nats": 0.9894738793373108, "training_seconds": 162.5}
{"step": 13700, "train_loss_nats": 0.9655922651290894, "training_seconds": 163.1}
{"step": 13750, "train_loss_nats": 0.9389022588729858, "training_seconds": 163.7}
{"step": 13800, "train_loss_nats": 0.9670623540878296, "training_seconds": 164.3}
{"step": 13850, "train_loss_nats": 0.9925656318664551, "training_seconds": 164.9}
{"step": 13900, "train_loss_nats": 0.9857051372528076, "training_seconds": 165.5}
{"step": 13950, "train_loss_nats": 0.995063841342926, "training_seconds": 166.1}
{"step": 14000, "train_loss_nats": 0.9103269577026367, "training_seconds": 166.7}
{"step": 14050, "train_loss_nats": 0.9511720538139343, "training_seconds": 167.3}
{"step": 14100, "train_loss_nats": 0.9758925437927246, "training_seconds": 167.9}
{"step": 14150, "train_loss_nats": 0.9500709176063538, "training_seconds": 168.5}
{"step": 14200, "train_loss_nats": 0.9948269128799438, "training_seconds": 169.1}
{"step": 14250, "train_loss_nats": 0.9863536357879639, "training_seconds": 169.7}
{"step": 14300, "train_loss_nats": 0.9958310723304749, "training_seconds": 170.3}
{"step": 14350, "train_loss_nats": 0.9630388617515564, "training_seconds": 170.9}
{"step": 14400, "train_loss_nats": 0.9718047380447388, "training_seconds": 171.5}
{"step": 14450, "train_loss_nats": 0.9268978834152222, "training_seconds": 172.1}
{"step": 14500, "train_loss_nats": 0.9596076011657715, "training_seconds": 172.6}
{"step": 14550, "train_loss_nats": 0.9532653093338013, "training_seconds": 173.2}
{"step": 14600, "train_loss_nats": 0.897145688533783, "training_seconds": 173.8}
{"step": 14650, "train_loss_nats": 0.9617167711257935, "training_seconds": 174.4}
{"step": 14700, "train_loss_nats": 0.9297123551368713, "training_seconds": 175.0}
{"step": 14750, "train_loss_nats": 0.9553590416908264, "training_seconds": 175.6}
{"step": 14800, "train_loss_nats": 0.9249650239944458, "training_seconds": 176.2}
{"step": 14850, "train_loss_nats": 0.9466819763183594, "training_seconds": 176.8}
{"step": 14900, "train_loss_nats": 0.9189293384552002, "training_seconds": 177.4}
{"step": 14950, "train_loss_nats": 0.9974483251571655, "training_seconds": 178.0}
{"step": 15000, "train_loss_nats": 0.9088926911354065, "training_seconds": 178.6}
{"step": 15050, "train_loss_nats": 0.9205440878868103, "training_seconds": 179.2}
{"step": 15100, "train_loss_nats": 0.9633866548538208, "training_seconds": 179.8}
{"step": 15150, "train_loss_nats": 0.9225971102714539, "training_seconds": 180.4}
{"step": 15200, "train_loss_nats": 0.9958956241607666, "training_seconds": 181.0}
{"step": 15250, "train_loss_nats": 0.9351778626441956, "training_seconds": 181.6}
{"step": 15300, "train_loss_nats": 1.0067983865737915, "training_seconds": 182.1}
{"step": 15350, "train_loss_nats": 0.9501543641090393, "training_seconds": 182.7}
{"step": 15400, "train_loss_nats": 1.04737389087677, "training_seconds": 183.3}
{"step": 15450, "train_loss_nats": 0.9683730006217957, "training_seconds": 183.9}
{"step": 15500, "train_loss_nats": 1.017606258392334, "training_seconds": 184.5}
{"step": 15550, "train_loss_nats": 0.9045746922492981, "training_seconds": 185.1}
{"step": 15600, "train_loss_nats": 0.8913957476615906, "training_seconds": 185.7}
{"step": 15650, "train_loss_nats": 0.9358625411987305, "training_seconds": 186.3}
{"step": 15700, "train_loss_nats": 0.8732452988624573, "training_seconds": 186.9}
{"step": 15750, "train_loss_nats": 0.9164164066314697, "training_seconds": 187.5}
{"step": 15800, "train_loss_nats": 0.9475969076156616, "training_seconds": 188.1}
{"step": 15850, "train_loss_nats": 0.9739179015159607, "training_seconds": 188.7}
{"step": 15900, "train_loss_nats": 0.9108735918998718, "training_seconds": 189.3}
{"step": 15950, "train_loss_nats": 0.9248973727226257, "training_seconds": 189.9}
{"step": 16000, "train_loss_nats": 0.919346034526825, "training_seconds": 190.5}
{"step": 16050, "train_loss_nats": 0.918994665145874, "training_seconds": 191.1}
{"step": 16100, "train_loss_nats": 0.9594701528549194, "training_seconds": 191.6}
{"step": 16150, "train_loss_nats": 0.9785187840461731, "training_seconds": 192.2}
{"step": 16200, "train_loss_nats": 0.9141896963119507, "training_seconds": 192.8}
{"step": 16250, "train_loss_nats": 0.9337661862373352, "training_seconds": 193.4}
{"step": 16300, "train_loss_nats": 0.8917614817619324, "training_seconds": 194.0}
{"step": 16350, "train_loss_nats": 0.9009899497032166, "training_seconds": 194.6}
{"step": 16400, "train_loss_nats": 0.879161536693573, "training_seconds": 195.2}
{"step": 16450, "train_loss_nats": 0.8935851454734802, "training_seconds": 195.8}
{"step": 16500, "train_loss_nats": 0.9855659008026123, "training_seconds": 196.4}
{"step": 16550, "train_loss_nats": 0.9335831999778748, "training_seconds": 197.0}
{"step": 16600, "train_loss_nats": 0.9421753287315369, "training_seconds": 197.6}
{"step": 16650, "train_loss_nats": 0.9910135269165039, "training_seconds": 198.2}
{"step": 16700, "train_loss_nats": 0.9292194843292236, "training_seconds": 198.8}
{"step": 16750, "train_loss_nats": 0.9352860450744629, "training_seconds": 199.4}
{"step": 16800, "train_loss_nats": 0.9511030316352844, "training_seconds": 199.9}
{"step": 16850, "train_loss_nats": 0.9330049157142639, "training_seconds": 200.5}
{"step": 16900, "train_loss_nats": 0.8963797688484192, "training_seconds": 201.1}
{"step": 16950, "train_loss_nats": 0.9140175580978394, "training_seconds": 201.7}
{"step": 17000, "train_loss_nats": 0.8700549602508545, "training_seconds": 202.3}
{"step": 17050, "train_loss_nats": 0.9429453611373901, "training_seconds": 202.9}
{"step": 17100, "train_loss_nats": 0.9178263545036316, "training_seconds": 203.5}
{"step": 17150, "train_loss_nats": 0.9139568209648132, "training_seconds": 204.1}
{"step": 17200, "train_loss_nats": 0.9193927049636841, "training_seconds": 204.7}
{"step": 17250, "train_loss_nats": 0.8634679913520813, "training_seconds": 205.3}
{"step": 17300, "train_loss_nats": 0.9328974485397339, "training_seconds": 205.9}
{"step": 17350, "train_loss_nats": 0.9234800934791565, "training_seconds": 206.5}
{"step": 17400, "train_loss_nats": 0.9357896447181702, "training_seconds": 207.1}
{"step": 17450, "train_loss_nats": 0.9266067743301392, "training_seconds": 207.7}
{"step": 17500, "train_loss_nats": 0.8990767598152161, "training_seconds": 208.3}
{"step": 17550, "train_loss_nats": 0.8728236556053162, "training_seconds": 208.9}
{"step": 17600, "train_loss_nats": 0.9502573013305664, "training_seconds": 209.4}
{"step": 17650, "train_loss_nats": 0.9103162288665771, "training_seconds": 210.0}
{"step": 17700, "train_loss_nats": 0.8808995485305786, "training_seconds": 210.6}
{"step": 17750, "train_loss_nats": 0.9453682899475098, "training_seconds": 211.2}
{"step": 17800, "train_loss_nats": 0.9090732932090759, "training_seconds": 211.8}
{"step": 17850, "train_loss_nats": 0.8829221129417419, "training_seconds": 212.4}
{"step": 17900, "train_loss_nats": 0.9345349073410034, "training_seconds": 213.0}
{"step": 17950, "train_loss_nats": 0.9008657336235046, "training_seconds": 213.6}
{"step": 18000, "train_loss_nats": 0.9304609298706055, "training_seconds": 214.2}
{"step": 18050, "train_loss_nats": 0.9312982559204102, "training_seconds": 214.8}
{"step": 18100, "train_loss_nats": 0.8712135553359985, "training_seconds": 215.4}
{"step": 18150, "train_loss_nats": 0.860034704208374, "training_seconds": 216.0}
{"step": 18200, "train_loss_nats": 0.9233402013778687, "training_seconds": 216.6}
{"step": 18250, "train_loss_nats": 0.8608633279800415, "training_seconds": 217.2}
{"step": 18300, "train_loss_nats": 0.9165294170379639, "training_seconds": 217.7}
{"step": 18350, "train_loss_nats": 0.8596912026405334, "training_seconds": 218.3}
{"step": 18400, "train_loss_nats": 0.9167472720146179, "training_seconds": 218.9}
{"step": 18450, "train_loss_nats": 0.9641243815422058, "training_seconds": 219.5}
{"step": 18500, "train_loss_nats": 0.9141184687614441, "training_seconds": 220.1}
{"step": 18550, "train_loss_nats": 0.8969676494598389, "training_seconds": 220.7}
{"step": 18600, "train_loss_nats": 0.9205523729324341, "training_seconds": 221.3}
{"step": 18650, "train_loss_nats": 0.9671454429626465, "training_seconds": 221.9}
{"step": 18700, "train_loss_nats": 0.9045925140380859, "training_seconds": 222.5}
{"step": 18750, "train_loss_nats": 0.9062473177909851, "training_seconds": 223.1}
{"step": 18800, "train_loss_nats": 0.8820342421531677, "training_seconds": 223.7}
{"step": 18850, "train_loss_nats": 0.8762656450271606, "training_seconds": 224.3}
{"step": 18900, "train_loss_nats": 0.8960061073303223, "training_seconds": 224.8}
{"step": 18950, "train_loss_nats": 0.8828377723693848, "training_seconds": 225.4}
{"step": 19000, "train_loss_nats": 0.8895792961120605, "training_seconds": 226.0}
{"step": 19050, "train_loss_nats": 0.876561164855957, "training_seconds": 226.6}
{"step": 19100, "train_loss_nats": 0.9066298007965088, "training_seconds": 227.2}
{"step": 19150, "train_loss_nats": 0.9293837547302246, "training_seconds": 227.8}
{"step": 19200, "train_loss_nats": 0.9050737023353577, "training_seconds": 228.4}
{"step": 19250, "train_loss_nats": 0.8743135333061218, "training_seconds": 229.0}
{"step": 19300, "train_loss_nats": 0.8532929420471191, "training_seconds": 229.6}
{"step": 19350, "train_loss_nats": 0.8830463290214539, "training_seconds": 230.2}
{"step": 19400, "train_loss_nats": 0.8712192177772522, "training_seconds": 230.8}
{"step": 19450, "train_loss_nats": 0.8882645964622498, "training_seconds": 231.4}
{"step": 19500, "train_loss_nats": 0.8397100567817688, "training_seconds": 231.9}
{"step": 19550, "train_loss_nats": 0.8452343940734863, "training_seconds": 232.5}
{"step": 19600, "train_loss_nats": 0.8868474364280701, "training_seconds": 233.1}
{"step": 19650, "train_loss_nats": 0.8658053278923035, "training_seconds": 233.7}
{"step": 19700, "train_loss_nats": 0.8830304145812988, "training_seconds": 234.3}
{"step": 19750, "train_loss_nats": 0.9031502604484558, "training_seconds": 234.9}
{"step": 19800, "train_loss_nats": 0.9068618416786194, "training_seconds": 235.5}
{"step": 19850, "train_loss_nats": 0.9058137536048889, "training_seconds": 236.1}
{"step": 19900, "train_loss_nats": 0.8228456377983093, "training_seconds": 236.7}
{"step": 19950, "train_loss_nats": 0.9163293838500977, "training_seconds": 237.3}
{"step": 20000, "train_loss_nats": 0.8779825568199158, "training_seconds": 237.9}
{"step": 20050, "train_loss_nats": 0.8224595785140991, "training_seconds": 238.5}
{"step": 20100, "train_loss_nats": 0.9090992212295532, "training_seconds": 239.0}
{"step": 20150, "train_loss_nats": 0.8994318842887878, "training_seconds": 239.6}
{"step": 20200, "train_loss_nats": 0.8760150074958801, "training_seconds": 240.2}
{"step": 20250, "train_loss_nats": 0.889488697052002, "training_seconds": 240.8}
{"step": 20300, "train_loss_nats": 0.8692181706428528, "training_seconds": 241.4}
{"step": 20350, "train_loss_nats": 0.8969681859016418, "training_seconds": 242.0}
{"step": 20400, "train_loss_nats": 0.9015318155288696, "training_seconds": 242.6}
{"step": 20450, "train_loss_nats": 0.8568426966667175, "training_seconds": 243.2}
{"step": 20500, "train_loss_nats": 0.8984709978103638, "training_seconds": 243.8}
{"step": 20550, "train_loss_nats": 0.9211452603340149, "training_seconds": 244.4}
{"step": 20600, "train_loss_nats": 0.850274920463562, "training_seconds": 245.0}
{"step": 20650, "train_loss_nats": 0.8578253984451294, "training_seconds": 245.6}
{"step": 20700, "train_loss_nats": 0.8719505667686462, "training_seconds": 246.1}
{"step": 20750, "train_loss_nats": 0.8531008362770081, "training_seconds": 246.7}
{"step": 20800, "train_loss_nats": 0.9174723625183105, "training_seconds": 247.3}
{"step": 20850, "train_loss_nats": 0.8966720104217529, "training_seconds": 247.9}
{"step": 20900, "train_loss_nats": 0.8924915790557861, "training_seconds": 248.5}
{"step": 20950, "train_loss_nats": 0.8407140374183655, "training_seconds": 249.1}
{"step": 21000, "train_loss_nats": 0.8837652206420898, "training_seconds": 249.7}
{"step": 21050, "train_loss_nats": 0.8766292929649353, "training_seconds": 250.3}
{"step": 21100, "train_loss_nats": 0.882402777671814, "training_seconds": 250.9}
{"step": 21150, "train_loss_nats": 0.8111087083816528, "training_seconds": 251.5}
{"step": 21200, "train_loss_nats": 0.8875440955162048, "training_seconds": 252.1}
{"step": 21250, "train_loss_nats": 0.8380851745605469, "training_seconds": 252.7}
{"step": 21300, "train_loss_nats": 0.8758784532546997, "training_seconds": 253.3}
{"step": 21350, "train_loss_nats": 0.8672230243682861, "training_seconds": 253.8}
{"step": 21400, "train_loss_nats": 0.8679224252700806, "training_seconds": 254.4}
{"step": 21450, "train_loss_nats": 0.808129608631134, "training_seconds": 255.0}
{"step": 21500, "train_loss_nats": 0.8881301879882812, "training_seconds": 255.6}
{"step": 21550, "train_loss_nats": 0.8710740208625793, "training_seconds": 256.2}
{"step": 21600, "train_loss_nats": 0.8536004424095154, "training_seconds": 256.8}
{"step": 21650, "train_loss_nats": 0.8723165392875671, "training_seconds": 257.4}
{"step": 21700, "train_loss_nats": 0.860177218914032, "training_seconds": 258.0}
{"step": 21750, "train_loss_nats": 0.778647780418396, "training_seconds": 258.6}
{"step": 21800, "train_loss_nats": 0.841544508934021, "training_seconds": 259.2}
{"step": 21850, "train_loss_nats": 0.861046552658081, "training_seconds": 259.8}
{"step": 21900, "train_loss_nats": 0.8859183192253113, "training_seconds": 260.4}
{"step": 21950, "train_loss_nats": 0.8181003928184509, "training_seconds": 261.0}
{"step": 22000, "train_loss_nats": 0.8450677394866943, "training_seconds": 261.6}
{"step": 22050, "train_loss_nats": 0.8704003095626831, "training_seconds": 262.2}
{"step": 22100, "train_loss_nats": 0.873347818851471, "training_seconds": 262.8}
{"step": 22150, "train_loss_nats": 0.8321325182914734, "training_seconds": 263.3}
{"step": 22200, "train_loss_nats": 0.8624469041824341, "training_seconds": 263.9}
{"step": 22250, "train_loss_nats": 0.8444279432296753, "training_seconds": 264.5}
{"step": 22300, "train_loss_nats": 0.8657318949699402, "training_seconds": 265.1}
{"step": 22350, "train_loss_nats": 0.8470812439918518, "training_seconds": 265.7}
{"step": 22400, "train_loss_nats": 0.8654313683509827, "training_seconds": 266.3}
{"step": 22450, "train_loss_nats": 0.903480052947998, "training_seconds": 266.9}
{"step": 22500, "train_loss_nats": 0.89983069896698, "training_seconds": 267.5}
{"step": 22550, "train_loss_nats": 0.8893997669219971, "training_seconds": 268.1}
{"step": 22600, "train_loss_nats": 0.8252754211425781, "training_seconds": 268.7}
{"step": 22650, "train_loss_nats": 0.827793300151825, "training_seconds": 269.3}
{"step": 22700, "train_loss_nats": 0.8343654870986938, "training_seconds": 269.8}
{"step": 22750, "train_loss_nats": 0.8527253866195679, "training_seconds": 270.4}
{"step": 22800, "train_loss_nats": 0.847825288772583, "training_seconds": 271.0}
{"step": 22850, "train_loss_nats": 0.8574163317680359, "training_seconds": 271.6}
{"step": 22900, "train_loss_nats": 0.8680744171142578, "training_seconds": 272.2}
{"step": 22950, "train_loss_nats": 0.8345544338226318, "training_seconds": 272.8}
{"step": 23000, "train_loss_nats": 0.8739935755729675, "training_seconds": 273.4}
{"step": 23050, "train_loss_nats": 0.8716003894805908, "training_seconds": 273.9}
{"step": 23100, "train_loss_nats": 0.8408498764038086, "training_seconds": 274.5}
{"step": 23150, "train_loss_nats": 0.8747299909591675, "training_seconds": 275.1}
{"step": 23200, "train_loss_nats": 0.8801040053367615, "training_seconds": 275.7}
{"step": 23250, "train_loss_nats": 0.8241896629333496, "training_seconds": 276.3}
{"step": 23300, "train_loss_nats": 0.8687167167663574, "training_seconds": 276.9}
{"step": 23350, "train_loss_nats": 0.8296485543251038, "training_seconds": 277.5}
{"step": 23400, "train_loss_nats": 0.8889553546905518, "training_seconds": 278.1}
{"step": 23450, "train_loss_nats": 0.8389967679977417, "training_seconds": 278.6}
{"step": 23500, "train_loss_nats": 0.8273336887359619, "training_seconds": 279.2}
{"step": 23550, "train_loss_nats": 0.9289507269859314, "training_seconds": 279.8}
{"step": 23600, "train_loss_nats": 0.8050654530525208, "training_seconds": 280.4}
{"step": 23650, "train_loss_nats": 0.8318649530410767, "training_seconds": 281.0}
{"step": 23700, "train_loss_nats": 0.835195779800415, "training_seconds": 281.6}
{"step": 23750, "train_loss_nats": 0.8442363142967224, "training_seconds": 282.2}
{"step": 23800, "train_loss_nats": 0.8179848194122314, "training_seconds": 282.7}
{"step": 23850, "train_loss_nats": 0.8222341537475586, "training_seconds": 283.3}
{"step": 23900, "train_loss_nats": 0.8464502692222595, "training_seconds": 283.9}
{"step": 23950, "train_loss_nats": 0.8198601007461548, "training_seconds": 284.5}
{"step": 24000, "train_loss_nats": 0.8597578406333923, "training_seconds": 285.1}
{"step": 24050, "train_loss_nats": 0.8611924052238464, "training_seconds": 285.7}
{"step": 24100, "train_loss_nats": 0.8341327905654907, "training_seconds": 286.3}
{"step": 24150, "train_loss_nats": 0.8276095390319824, "training_seconds": 286.8}
{"step": 24200, "train_loss_nats": 0.8394466638565063, "training_seconds": 287.4}
{"step": 24250, "train_loss_nats": 0.7832863330841064, "training_seconds": 288.0}
{"step": 24300, "train_loss_nats": 0.8478291034698486, "training_seconds": 288.6}
{"step": 24350, "train_loss_nats": 0.8376553654670715, "training_seconds": 289.2}
{"step": 24400, "train_loss_nats": 0.8773952722549438, "training_seconds": 289.8}
{"step": 24450, "train_loss_nats": 0.8793779611587524, "training_seconds": 290.4}
{"step": 24500, "train_loss_nats": 0.8887518644332886, "training_seconds": 290.9}
{"step": 24550, "train_loss_nats": 0.820939838886261, "training_seconds": 291.5}
{"step": 24600, "train_loss_nats": 0.8577190637588501, "training_seconds": 292.1}
{"step": 24650, "train_loss_nats": 0.8856533169746399, "training_seconds": 292.7}
{"step": 24700, "train_loss_nats": 0.8207223415374756, "training_seconds": 293.3}
{"step": 24750, "train_loss_nats": 0.8475483059883118, "training_seconds": 293.8}
{"step": 24800, "train_loss_nats": 0.8736364245414734, "training_seconds": 294.4}
{"step": 24850, "train_loss_nats": 0.8678063154220581, "training_seconds": 295.0}
{"step": 24900, "train_loss_nats": 0.8569403886795044, "training_seconds": 295.6}
{"step": 24950, "train_loss_nats": 0.8275246620178223, "training_seconds": 296.2}
{"step": 25000, "train_loss_nats": 0.839573085308075, "training_seconds": 296.7}
{"step": 25050, "train_loss_nats": 0.8496143817901611, "training_seconds": 297.3}
{"step": 25100, "train_loss_nats": 0.7935909032821655, "training_seconds": 297.9}
{"step": 25150, "train_loss_nats": 0.8372323513031006, "training_seconds": 298.5}
{"step": 25200, "train_loss_nats": 0.8290359973907471, "training_seconds": 299.1}
{"step": 25250, "train_loss_nats": 0.8198521137237549, "training_seconds": 299.7}
{
  "status": "success",
  "metric_name": "val_bpb",
  "metric_value": 1.2032800208088748,
  "val_bpb": 1.2032800208088748,
  "validation_bytes_scored": 2097152,
  "training_seconds": 300.00455804914236,
  "train_loss_nats_last_logged": 0.8198521137237549,
  "steps": 25280,
  "parameter_count": 1711104,
  "gpu_name": "NVIDIA GeForce RTX 3090",
  "gpu_peak_bytes": 485198848,
  "torch_version": "2.5.1+cu124",
  "prepare_sha256": "9e276b61d9e332a457a88e36c39b66f2950cdda5b2769a76b386a1008188db3a",
  "train_sha256": "5264a9444e01d78c3aea1abe7a405100fefe66e124b8983c91de6e31479402fc",
  "data_manifest_sha256": "f2ed3ba0d7f173a105650a46a1f8a04b80f3ad3748c8798950f0b0b667e10ac9",
  "checkpoint_sha256": "1a6c57322012ce8dd435527f60ce078d668e115cc12a8e6e96fe36ba53a05db6"
}
